Component: ARM Compiler 5.06 update 6 (build 750) Tool: armlink [4d35ed]

==============================================================================

Section Cross References

    main.o(.text) refers to remote.o(.text) for IOT_contorl_left
    main.o(.text) refers to usart.o(.text) for u1_printf
    main.o(.text) refers to stm32f10x_tim.o(.text) for TIM_Cmd
    main.o(.text) refers to ml302.o(.text) for Clear_Buffer
    main.o(.text) refers to delay.o(.text) for delay_init
    main.o(.text) refers to misc.o(.text) for NVIC_PriorityGroupConfig
    main.o(.text) refers to led.o(.text) for LED_Init
    main.o(.text) refers to power.o(.text) for POWER_Init
    main.o(.text) refers to myiic.o(.text) for IIC_Init
    main.o(.text) refers to uart5.o(.text) for uart5_init
    main.o(.text) refers to adc.o(.text) for Adc_Init
    main.o(.text) refers to rs485.o(.text) for RS485_Init
    main.o(.text) refers to usart3.o(.text) for usart3_init
    main.o(.text) refers to wdg.o(.text) for IWDG_Init
    main.o(.text) refers to timer.o(.text) for TIM4_PWM_Init
    main.o(.text) refers to gps.o(.text) for GPS_data
    main.o(.text) refers to main.o(.data) for CH2_OUT
    main.o(.text) refers to remote.o(.data) for MQTTFlag
    main.o(.text) refers to timer.o(.data) for tim2_time
    system_stm32f10x.o(.text) refers to system_stm32f10x.o(.data) for SystemCoreClock
    led.o(.text) refers to stm32f10x_rcc.o(.text) for RCC_APB2PeriphClockCmd
    led.o(.text) refers to stm32f10x_gpio.o(.text) for GPIO_Init
    key.o(.text) refers to stm32f10x_rcc.o(.text) for RCC_APB2PeriphClockCmd
    key.o(.text) refers to stm32f10x_gpio.o(.text) for GPIO_Init
    key.o(.text) refers to delay.o(.text) for delay_ms
    key.o(.text) refers to key.o(.data) for key_up
    timer.o(.text) refers to stm32f10x_rcc.o(.text) for RCC_APB1PeriphClockCmd
    timer.o(.text) refers to stm32f10x_tim.o(.text) for TIM_TimeBaseInit
    timer.o(.text) refers to misc.o(.text) for NVIC_Init
    timer.o(.text) refers to stm32f10x_gpio.o(.text) for GPIO_Init
    timer.o(.text) refers to timer.o(.bss) for TIM3_ICInitStructure
    timer.o(.text) refers to timer.o(.data) for TIM3CH3_CAPTURE_STA
    timer.o(.text) refers to main.o(.text) for NEW_IOT_Contorl_TIM2
    timer.o(.text) refers to usart.o(.text) for u1_printf
    timer.o(.text) refers to remote.o(.data) for Cor_time
    adc.o(.text) refers to stm32f10x_rcc.o(.text) for RCC_APB2PeriphClockCmd
    adc.o(.text) refers to stm32f10x_gpio.o(.text) for GPIO_Init
    adc.o(.text) refers to stm32f10x_adc.o(.text) for ADC_DeInit
    adc.o(.text) refers to delay.o(.text) for delay_ms
    remote.o(.text) refers to usart.o(.text) for u1_printf
    remote.o(.text) refers to strstr.o(.text) for strstr
    remote.o(.text) refers to ml302.o(.text) for ML302_Time_Message_shadow
    remote.o(.text) refers to dflt_clz.o(x$fpl$dflt) for __aeabi_i2d
    remote.o(.text) refers to dmul.o(x$fpl$dmul) for __aeabi_dmul
    remote.o(.text) refers to dfixu.o(x$fpl$dfixu) for __aeabi_d2uiz
    remote.o(.text) refers to flash.o(.text) for STMFLASH_ReadHalfWord
    remote.o(.text) refers to timer.o(.data) for TIM5CH1_CAPTURE_STA
    remote.o(.text) refers to remote.o(.data) for temp3_3
    remote.o(.text) refers to usart3.o(.bss) for RxBuffer
    remote.o(.text) refers to main.o(.data) for send_data_float
    remote.o(.text) refers to ml302.o(.data) for strx
    power.o(.text) refers to stm32f10x_rcc.o(.text) for RCC_APB2PeriphClockCmd
    power.o(.text) refers to stm32f10x_gpio.o(.text) for GPIO_Init
    flash.o(.text) refers to stm32f10x_flash.o(.text) for FLASH_ProgramHalfWord
    flash.o(.text) refers to flash.o(.bss) for STMFLASH_BUF
    wdg.o(.text) refers to stm32f10x_iwdg.o(.text) for IWDG_WriteAccessCmd
    ml302.o(.text) refers to _printf_percent.o(.ARM.Collect$$_printf_percent$$00000000) for _printf_percent
    ml302.o(.text) refers to _printf_s.o(.ARM.Collect$$_printf_percent$$00000014) for _printf_s
    ml302.o(.text) refers to _printf_str.o(.text) for _printf_str
    ml302.o(.text) refers to _printf_pad.o(.text) for _printf_pre_padding
    ml302.o(.text) refers to _printf_truncate.o(.text) for _printf_truncate_unsigned
    ml302.o(.text) refers to _printf_d.o(.ARM.Collect$$_printf_percent$$00000009) for _printf_d
    ml302.o(.text) refers to _printf_i.o(.ARM.Collect$$_printf_percent$$00000008) for _printf_i
    ml302.o(.text) refers to _printf_u.o(.ARM.Collect$$_printf_percent$$0000000A) for _printf_u
    ml302.o(.text) refers to _printf_o.o(.ARM.Collect$$_printf_percent$$0000000B) for _printf_o
    ml302.o(.text) refers to _printf_x.o(.ARM.Collect$$_printf_percent$$0000000C) for _printf_x
    ml302.o(.text) refers to _printf_c.o(.ARM.Collect$$_printf_percent$$00000013) for _printf_c
    ml302.o(.text) refers to _printf_lc.o(.ARM.Collect$$_printf_percent$$00000015) for _printf_lc
    ml302.o(.text) refers to _printf_dec.o(.text) for _printf_int_dec
[...]
    ML302_MQTT_Topic_Init                    0x080017c1   Thumb Code    36  ml302.o(.text)
    ML302_CMD                                0x080017e5   Thumb Code   262  ml302.o(.text)
    char_json                                0x080018eb   Thumb Code   978  ml302.o(.text)
    IOT_Data                                 0x08001cbd   Thumb Code     8  ml302.o(.text)
    ML302_shadow                             0x08001cc5   Thumb Code   106  ml302.o(.text)
    ML302_MQTTPUBMessage                     0x08001d2f   Thumb Code   270  ml302.o(.text)
    ML302_GPS_MQTTPUBMessage                 0x08001e3d   Thumb Code   188  ml302.o(.text)
    ML302_Right_Message                      0x08001ef9   Thumb Code   238  ml302.o(.text)
    ML302_Left_Message                       0x08001fe7   Thumb Code   584  ml302.o(.text)
    State_ML302_Right_Message                0x0800222f   Thumb Code   182  ml302.o(.text)
    State_ML302_Left_Message                 0x080022e5   Thumb Code   156  ml302.o(.text)
    ML302_Time_Message                       0x08002381   Thumb Code    88  ml302.o(.text)
    char_data                                0x080023d9   Thumb Code    56  ml302.o(.text)
    ML302_Right_Message_shadow               0x08002411   Thumb Code    38  ml302.o(.text)
    ML302_Left_Message_shadow                0x08002437   Thumb Code    38  ml302.o(.text)
    ML302_Time_Message_shadow                0x0800245d   Thumb Code    38  ml302.o(.text)
    UART1_send_byte                          0x0800253d   Thumb Code    28  usart3.o(.text)
    UART3_send_byte                          0x08002559   Thumb Code    28  usart3.o(.text)
    usart3_init                              0x08002575   Thumb Code   164  usart3.o(.text)
    USART3_IRQHandler                        0x08002619   Thumb Code   106  usart3.o(.text)
    Uart1_SendStr                            0x08002683   Thumb Code    34  usart3.o(.text)
    USART3_SendStr                           0x080026a5   Thumb Code    34  usart3.o(.text)
    IIC_Init                                 0x080026e5   Thumb Code    50  myiic.o(.text)
    IIC_Start                                0x08002717   Thumb Code    64  myiic.o(.text)
    IIC_Stop                                 0x08002757   Thumb Code    66  myiic.o(.text)
    IIC_Wait_Ack                             0x08002799   Thumb Code    86  myiic.o(.text)
    IIC_Ack                                  0x080027ef   Thumb Code    82  myiic.o(.text)
    IIC_NAck                                 0x08002841   Thumb Code    70  myiic.o(.text)
    IIC_Send_Byte                            0x08002887   Thumb Code   104  myiic.o(.text)
    IIC_Read_Byte                            0x080028ef   Thumb Code   100  myiic.o(.text)
    Get_Crc8                                 0x08002961   Thumb Code    56  sht31.o(.text)
    Cmd_Write_sht31                          0x08002999   Thumb Code    70  sht31.o(.text)
    Read_sht31                               0x080029df   Thumb Code   114  sht31.o(.text)
    Convert_sht31                            0x08002a51   Thumb Code    70  sht31.o(.text)
    UART5_send_byte                          0x08002aad   Thumb Code    28  uart5.o(.text)
    UART5_IRQHandler                         0x08002ac9   Thumb Code    74  uart5.o(.text)
    uart5_init                               0x08002b13   Thumb Code   168  uart5.o(.text)
    Uart5_SendStr                            0x08002bbb   Thumb Code    32  uart5.o(.text)
    USART2_IRQHandler                        0x08002bf9   Thumb Code    42  rs485.o(.text)
    RS485_Init                               0x08002c23   Thumb Code   198  rs485.o(.text)
    RS485_Send_Data                          0x08002ce9   Thumb Code    72  rs485.o(.text)
    RS485_Receive_Data                       0x08002d31   Thumb Code    68  rs485.o(.text)
    Modbus_Crc                               0x08002d75   Thumb Code   116  rs485.o(.text)
    rs485_sensor                             0x08002de9   Thumb Code   120  rs485.o(.text)
    RS485_sensor_data                        0x08002e61   Thumb Code    32  rs485.o(.text)
    NMEA_Comma_Pos                           0x08002eb1   Thumb Code    50  gps.o(.text)
    NMEA_Pow                                 0x08002ee3   Thumb Code    22  gps.o(.text)
    NMEA_Str2num                             0x08002ef9   Thumb Code   234  gps.o(.text)
    NMEA_GPGSV_Analysis                      0x08002fe3   Thumb Code   290  gps.o(.text)
    NMEA_BDGSV_Analysis                      0x08003105   Thumb Code   298  gps.o(.text)
    NMEA_GNGGA_Analysis                      0x0800322f   Thumb Code    96  gps.o(.text)
    NMEA_GNGSA_Analysis                      0x0800328f   Thumb Code   176  gps.o(.text)
    NMEA_GNRMC_Analysis                      0x0800333f   Thumb Code   580  gps.o(.text)
    NMEA_GNVTG_Analysis                      0x08003583   Thumb Code    78  gps.o(.text)
    GPS_Analysis                             0x080035d1   Thumb Code    56  gps.o(.text)
    SkyTra_Cfg_Ack_Check                     0x08003609   Thumb Code   100  gps.o(.text)
    SkyTra_Send_Date                         0x0800366d   Thumb Code    38  gps.o(.text)
    SkyTra_Cfg_Prt                           0x08003693   Thumb Code    86  gps.o(.text)
    SkyTra_Cfg_Tp                            0x080036e9   Thumb Code   126  gps.o(.text)
    SkyTra_Cfg_Rate                          0x08003767   Thumb Code    60  gps.o(.text)
    Gps_Msg_Show                             0x080037a3   Thumb Code   538  gps.o(.text)
    GPS_data                                 0x080039bd   Thumb Code    88  gps.o(.text)
    delay_init                               0x08003b05   Thumb Code    50  delay.o(.text)
    delay_us                                 0x08003b37   Thumb Code    72  delay.o(.text)
    delay_ms                                 0x08003b7f   Thumb Code    72  delay.o(.text)
    _sys_exit                                0x08003bd9   Thumb Code     6  usart.o(.text)
    fputc                                    0x08003bdf   Thumb Code    24  usart.o(.text)
    uart_init                                0x08003bf7   Thumb Code   152  usart.o(.text)
    USART1_IRQHandler                        0x08003c8f   Thumb Code   122  usart.o(.text)
    u1_printf                                0x08003d09   Thumb Code    84  usart.o(.text)
    Reset_Handler                            0x08003d75   Thumb Code     8  startup_stm32f10x_hd.o(.text)
    ADC1_2_IRQHandler                        0x08003d8f   Thumb Code     0  startup_stm32f10x_hd.o(.text)
    ADC3_IRQHandler                          0x08003d8f   Thumb Code     0  startup_stm32f10x_hd.o(.text)
    CAN1_RX1_IRQHandler                      0x08003d8f   Thumb Code     0  startup_stm32f10x_hd.o(.text)
    CAN1_SCE_IRQHandler                      0x08003d8f   Thumb Code     0  startup_stm32f10x_hd.o(.text)
    DMA1_Channel1_IRQHandler                 0x08003d8f   Thumb Code     0  startup_stm32f10x_hd.o(.text)
    DMA1_Channel2_IRQHandler                 0x08003d8f   Thumb Code     0  startup_stm32f10x_hd.o(.text)
    DMA1_Channel3_IRQHandler                 0x08003d8f   Thumb Code     0  startup_stm32f10x_hd.o(.text)
    DMA1_Channel4_IRQHandler                 0x08003d8f   Thumb Code     0  startup_stm32f10x_hd.o(.text)
    DMA1_Channel5_IRQHandler                 0x08003d8f   Thumb Code     0  startup_stm32f10x_hd.o(.text)
    DMA1_Channel6_IRQHandler                 0x08003d8f   Thumb Code     0  startup_stm32f10x_hd.o(.text)
    DMA1_Channel7_IRQHandler                 0x08003d8f   Thumb Code     0  startup_stm32f10x_hd.o(.text)
    DMA2_Channel1_IRQHandler                 0x08003d8f   Thumb Code     0  startup_stm32f10x_hd.o(.text)
    DMA2_Channel2_IRQHandler                 0x08003d8f   Thumb Code     0  startup_stm32f10x_hd.o(.text)
    DMA2_Channel3_IRQHandler                 0x08003d8f   Thumb Code     0  startup_stm32f10x_hd.o(.text)
    DMA2_Channel4_5_IRQHandler               0x08003d8f   Thumb Code     0  startup_stm32f10x_hd.o(.text)
    EXTI0_IRQHandler                         0x08003d8f   Thumb Code     0  startup_stm32f10x_hd.o(.text)
    EXTI15_10_IRQHandler                     0x08003d8f   Thumb Code     0  startup_stm32f10x_hd.o(.text)
    EXTI1_IRQHandler                         0x08003d8f   Thumb Code     0  startup_stm32f10x_hd.o(.text)
    EXTI2_IRQHandler                         0x08003d8f   Thumb Code     0  startup_stm32f10x_hd.o(.text)
    EXTI3_IRQHandler                         0x08003d8f   Thumb Code     0  startup_stm32f10x_hd.o(.text)
    EXTI4_IRQHandler                         0x08003d8f   Thumb Code     0  startup_stm32f10x_hd.o(.text)
    EXTI9_5_IRQHandler                       0x08003d8f   Thumb Code     0  startup_stm32f10x_hd.o(.text)
    FLASH_IRQHandler                         0x08003d8f   Thumb Code     0  startup_stm32f10x_hd.o(.text)
    FSMC_IRQHandler                          0x08003d8f   Thumb Code     0  startup_stm32f10x_hd.o(.text)
    I2C1_ER_IRQHandler                       0x08003d8f   Thumb Code     0  startup_stm32f10x_hd.o(.text)
    I2C1_EV_IRQHandler                       0x08003d8f   Thumb Code     0  startup_stm32f10x_hd.o(.text)
    I2C2_ER_IRQHandler                       0x08003d8f   Thumb Code     0  startup_stm32f10x_hd.o(.text)
    I2C2_EV_IRQHandler                       0x08003d8f   Thumb Code     0  startup_stm32f10x_hd.o(.text)
    PVD_IRQHandler                           0x08003d8f   Thumb Code     0  startup_stm32f10x_hd.o(.text)
    RCC_IRQHandler                           0x08003d8f   Thumb Code     0  startup_stm32f10x_hd.o(.text)
    RTCAlarm_IRQHandler                      0x08003d8f   Thumb Code     0  startup_stm32f10x_hd.o(.text)
    RTC_IRQHandler                           0x08003d8f   Thumb Code     0  startup_stm32f10x_hd.o(.text)
    SDIO_IRQHandler                          0x08003d8f   Thumb Code     0  startup_stm32f10x_hd.o(.text)
    SPI1_IRQHandler                          0x08003d8f   Thumb Code     0  startup_stm32f10x_hd.o(.text)
    SPI2_IRQHandler                          0x08003d8f   Thumb Code     0  startup_stm32f10x_hd.o(.text)
    SPI3_IRQHandler                          0x08003d8f   Thumb Code     0  startup_stm32f10x_hd.o(.text)
    TAMPER_IRQHandler                        0x08003d8f   Thumb Code     0  startup_stm32f10x_hd.o(.text)
    TIM1_BRK_IRQHandler                      0x08003d8f   Thumb Code     0  startup_stm32f10x_hd.o(.text)
    TIM1_CC_IRQHandler                       0x08003d8f   Thumb Code     0  startup_stm32f10x_hd.o(.text)
    TIM1_TRG_COM_IRQHandler                  0x08003d8f   Thumb Code     0  startup_stm32f10x_hd.o(.text)
    TIM1_UP_IRQHandler                       0x08003d8f   Thumb Code     0  startup_stm32f10x_hd.o(.text)
    TIM7_IRQHandler                          0x08003d8f   Thumb Code     0  startup_stm32f10x_hd.o(.text)
    TIM8_BRK_IRQHandler                      0x08003d8f   Thumb Code     0  startup_stm32f10x_hd.o(.text)
    TIM8_CC_IRQHandler                       0x08003d8f   Thumb Code     0  startup_stm32f10x_hd.o(.text)
    TIM8_TRG_COM_IRQHandler                  0x08003d8f   Thumb Code     0  startup_stm32f10x_hd.o(.text)
    TIM8_UP_IRQHandler                       0x08003d8f   Thumb Code     0  startup_stm32f10x_hd.o(.text)
    UART4_IRQHandler                         0x08003d8f   Thumb Code     0  startup_stm32f10x_hd.o(.text)
    USBWakeUp_IRQHandler                     0x08003d8f   Thumb Code     0  startup_stm32f10x_hd.o(.text)
    USB_HP_CAN1_TX_IRQHandler                0x08003d8f   Thumb Code     0  startup_stm32f10x_hd.o(.text)
    USB_LP_CAN1_RX0_IRQHandler               0x08003d8f   Thumb Code     0  startup_stm32f10x_hd.o(.text)
    WWDG_IRQHandler                          0x08003d8f   Thumb Code     0  startup_stm32f10x_hd.o(.text)
    __user_initial_stackheap                 0x08003d91   Thumb Code     0  startup_stm32f10x_hd.o(.text)
    NVIC_PriorityGroupConfig                 0x08003db5   Thumb Code    10  misc.o(.text)
    NVIC_Init                                0x08003dbf   Thumb Code   100  misc.o(.text)
    NVIC_SetVectorTable                      0x08003e23   Thumb Code    14  misc.o(.text)
    NVIC_SystemLPConfig                      0x08003e31   Thumb Code    34  misc.o(.text)
    SysTick_CLKSourceConfig                  0x08003e53   Thumb Code    40  misc.o(.text)
    GPIO_DeInit                              0x08003e91   Thumb Code   172  stm32f10x_gpio.o(.text)
    GPIO_AFIODeInit                          0x08003f3d   Thumb Code    20  stm32f10x_gpio.o(.text)
    GPIO_Init                                0x08003f51   Thumb Code   278  stm32f10x_gpio.o(.text)
    GPIO_StructInit                          0x08004067   Thumb Code    16  stm32f10x_gpio.o(.text)
    GPIO_ReadInputDataBit                    0x08004077   Thumb Code    18  stm32f10x_gpio.o(.text)
    GPIO_ReadInputData                       0x08004089   Thumb Code     8  stm32f10x_gpio.o(.text)
    GPIO_ReadOutputDataBit                   0x08004091   Thumb Code    18  stm32f10x_gpio.o(.text)
    GPIO_ReadOutputData                      0x080040a3   Thumb Code     8  stm32f10x_gpio.o(.text)
    GPIO_SetBits                             0x080040ab   Thumb Code     4  stm32f10x_gpio.o(.text)
    GPIO_ResetBits                           0x080040af   Thumb Code     4  stm32f10x_gpio.o(.text)
    GPIO_WriteBit                            0x080040b3   Thumb Code    10  stm32f10x_gpio.o(.text)
    GPIO_Write                               0x080040bd   Thumb Code     4  stm32f10x_gpio.o(.text)
    GPIO_PinLockConfig                       0x080040c1   Thumb Code    18  stm32f10x_gpio.o(.text)
    GPIO_EventOutputConfig                   0x080040d3   Thumb Code    26  stm32f10x_gpio.o(.text)
    GPIO_EventOutputCmd                      0x080040ed   Thumb Code     6  stm32f10x_gpio.o(.text)
    GPIO_PinRemapConfig                      0x080040f3   Thumb Code   138  stm32f10x_gpio.o(.text)
    GPIO_EXTILineConfig                      0x0800417d   Thumb Code    66  stm32f10x_gpio.o(.text)
    GPIO_ETH_MediaInterfaceConfig            0x080041bf   Thumb Code     8  stm32f10x_gpio.o(.text)
    RCC_DeInit                               0x080041ed   Thumb Code    64  stm32f10x_rcc.o(.text)
    RCC_HSEConfig                            0x0800422d   Thumb Code    70  stm32f10x_rcc.o(.text)
    RCC_GetFlagStatus                        0x08004273   Thumb Code    56  stm32f10x_rcc.o(.text)
    RCC_WaitForHSEStartUp                    0x080042ab   Thumb Code    56  stm32f10x_rcc.o(.text)
    RCC_AdjustHSICalibrationValue            0x080042e3   Thumb Code    20  stm32f10x_rcc.o(.text)
    RCC_HSICmd                               0x080042f7   Thumb Code     6  stm32f10x_rcc.o(.text)
    RCC_PLLConfig                            0x080042fd   Thumb Code    24  stm32f10x_rcc.o(.text)
    RCC_PLLCmd                               0x08004315   Thumb Code     6  stm32f10x_rcc.o(.text)
    RCC_SYSCLKConfig                         0x0800431b   Thumb Code    18  stm32f10x_rcc.o(.text)
    RCC_GetSYSCLKSource                      0x0800432d   Thumb Code    10  stm32f10x_rcc.o(.text)
    RCC_HCLKConfig                           0x08004337   Thumb Code    18  stm32f10x_rcc.o(.text)
    RCC_PCLK1Config                          0x08004349   Thumb Code    18  stm32f10x_rcc.o(.text)
    RCC_PCLK2Config                          0x0800435b   Thumb Code    20  stm32f10x_rcc.o(.text)
    RCC_ITConfig                             0x0800436f   Thumb Code    26  stm32f10x_rcc.o(.text)
    RCC_USBCLKConfig                         0x08004389   Thumb Code     8  stm32f10x_rcc.o(.text)
    RCC_ADCCLKConfig                         0x08004391   Thumb Code    18  stm32f10x_rcc.o(.text)
    RCC_LSEConfig                            0x080043a3   Thumb Code    50  stm32f10x_rcc.o(.text)
    RCC_LSICmd                               0x080043d5   Thumb Code     6  stm32f10x_rcc.o(.text)
    RCC_RTCCLKConfig                         0x080043db   Thumb Code    12  stm32f10x_rcc.o(.text)
    RCC_RTCCLKCmd                            0x080043e7   Thumb Code     8  stm32f10x_rcc.o(.text)
    RCC_GetClocksFreq                        0x080043ef   Thumb Code   192  stm32f10x_rcc.o(.text)
    RCC_AHBPeriphClockCmd                    0x080044af   Thumb Code    26  stm32f10x_rcc.o(.text)
    RCC_APB2PeriphClockCmd                   0x080044c9   Thumb Code    26  stm32f10x_rcc.o(.text)
    RCC_APB1PeriphClockCmd                   0x080044e3   Thumb Code    26  stm32f10x_rcc.o(.text)
    RCC_APB2PeriphResetCmd                   0x080044fd   Thumb Code    26  stm32f10x_rcc.o(.text)
    RCC_APB1PeriphResetCmd                   0x08004517   Thumb Code    26  stm32f10x_rcc.o(.text)
    RCC_BackupResetCmd                       0x08004531   Thumb Code     8  stm32f10x_rcc.o(.text)
    RCC_ClockSecuritySystemCmd               0x08004539   Thumb Code     6  stm32f10x_rcc.o(.text)
    RCC_MCOConfig                            0x0800453f   Thumb Code     6  stm32f10x_rcc.o(.text)
    RCC_ClearFlag                            0x08004545   Thumb Code    14  stm32f10x_rcc.o(.text)
    RCC_GetITStatus                          0x08004553   Thumb Code    20  stm32f10x_rcc.o(.text)
    RCC_ClearITPendingBit                    0x08004567   Thumb Code     6  stm32f10x_rcc.o(.text)
    TIM_DeInit                               0x08004591   Thumb Code   424  stm32f10x_tim.o(.text)
    TIM_TimeBaseInit                         0x08004739   Thumb Code   122  stm32f10x_tim.o(.text)
    TIM_OC1Init                              0x080047b3   Thumb Code   132  stm32f10x_tim.o(.text)
    TIM_OC2Init                              0x08004837   Thumb Code   154  stm32f10x_tim.o(.text)
    TIM_OC3Init                              0x080048d1   Thumb Code   150  stm32f10x_tim.o(.text)
    TIM_OC4Init                              0x08004967   Thumb Code   182  stm32f10x_tim.o(.text)
    TIM_SetIC4Prescaler                      0x08004a1d   Thumb Code    26  stm32f10x_tim.o(.text)
    TIM_SetIC3Prescaler                      0x08004ab9   Thumb Code    18  stm32f10x_tim.o(.text)
    TIM_SetIC2Prescaler                      0x08004b45   Thumb Code    26  stm32f10x_tim.o(.text)
    TIM_SetIC1Prescaler                      0x08004be1   Thumb Code    18  stm32f10x_tim.o(.text)
    TIM_ICInit                               0x08004c5f   Thumb Code   150  stm32f10x_tim.o(.text)
    TIM_PWMIConfig                           0x08004cf5   Thumb Code   124  stm32f10x_tim.o(.text)
    TIM_BDTRConfig                           0x08004d71   Thumb Code    32  stm32f10x_tim.o(.text)
    TIM_TimeBaseStructInit                   0x08004d91   Thumb Code    18  stm32f10x_tim.o(.text)
    TIM_OCStructInit                         0x08004da3   Thumb Code    20  stm32f10x_tim.o(.text)
    TIM_ICStructInit                         0x08004db7   Thumb Code    18  stm32f10x_tim.o(.text)
    TIM_BDTRStructInit                       0x08004dc9   Thumb Code    40  stm32f10x_tim.o(.text)
    TIM_Cmd                                  0x08004df1   Thumb Code    24  stm32f10x_tim.o(.text)
    TIM_CtrlPWMOutputs                       0x08004e09   Thumb Code    30  stm32f10x_tim.o(.text)
    TIM_ITConfig                             0x08004e27   Thumb Code    18  stm32f10x_tim.o(.text)
    TIM_GenerateEvent                        0x08004e39   Thumb Code     4  stm32f10x_tim.o(.text)
    TIM_DMAConfig                            0x08004e3d   Thumb Code    10  stm32f10x_tim.o(.text)
    TIM_DMACmd                               0x08004e47   Thumb Code    18  stm32f10x_tim.o(.text)
    TIM_InternalClockConfig                  0x08004e59   Thumb Code    12  stm32f10x_tim.o(.text)
    TIM_SelectInputTrigger                   0x08004e65   Thumb Code    18  stm32f10x_tim.o(.text)
    TIM_ITRxExternalClockConfig              0x08004e77   Thumb Code    24  stm32f10x_tim.o(.text)
    TIM_TIxExternalClockConfig               0x08004e8f   Thumb Code    62  stm32f10x_tim.o(.text)
    TIM_ETRConfig                            0x08004ecd   Thumb Code    28  stm32f10x_tim.o(.text)
    TIM_ETRClockMode1Config                  0x08004ee9   Thumb Code    54  stm32f10x_tim.o(.text)
    TIM_ETRClockMode2Config                  0x08004f1f   Thumb Code    32  stm32f10x_tim.o(.text)
    TIM_PrescalerConfig                      0x08004f3f   Thumb Code     6  stm32f10x_tim.o(.text)
    TIM_CounterModeConfig                    0x08004f45   Thumb Code    18  stm32f10x_tim.o(.text)
    TIM_EncoderInterfaceConfig               0x08004f57   Thumb Code    66  stm32f10x_tim.o(.text)
    TIM_ForcedOC1Config                      0x08004f99   Thumb Code    18  stm32f10x_tim.o(.text)
    TIM_ForcedOC2Config                      0x08004fab   Thumb Code    26  stm32f10x_tim.o(.text)
    TIM_ForcedOC3Config                      0x08004fc5   Thumb Code    18  stm32f10x_tim.o(.text)
    TIM_ForcedOC4Config                      0x08004fd7   Thumb Code    26  stm32f10x_tim.o(.text)
    TIM_ARRPreloadConfig                     0x08004ff1   Thumb Code    24  stm32f10x_tim.o(.text)
    TIM_SelectCOM                            0x08005009   Thumb Code    24  stm32f10x_tim.o(.text)
    TIM_SelectCCDMA                          0x08005021   Thumb Code    24  stm32f10x_tim.o(.text)
    TIM_CCPreloadControl                     0x08005039   Thumb Code    24  stm32f10x_tim.o(.text)
    TIM_OC1PreloadConfig                     0x08005051   Thumb Code    18  stm32f10x_tim.o(.text)
    TIM_OC2PreloadConfig                     0x08005063   Thumb Code    26  stm32f10x_tim.o(.text)
    TIM_OC3PreloadConfig                     0x0800507d   Thumb Code    18  stm32f10x_tim.o(.text)
    TIM_OC4PreloadConfig                     0x0800508f   Thumb Code    26  stm32f10x_tim.o(.text)
    TIM_OC1FastConfig                        0x080050a9   Thumb Code    18  stm32f10x_tim.o(.text)
    TIM_OC2FastConfig                        0x080050bb   Thumb Code    26  stm32f10x_tim.o(.text)
    TIM_OC3FastConfig                        0x080050d5   Thumb Code    18  stm32f10x_tim.o(.text)
    TIM_OC4FastConfig                        0x080050e7   Thumb Code    26  stm32f10x_tim.o(.text)
    TIM_ClearOC1Ref                          0x08005101   Thumb Code    18  stm32f10x_tim.o(.text)
    TIM_ClearOC2Ref                          0x08005113   Thumb Code    24  stm32f10x_tim.o(.text)
    TIM_ClearOC3Ref                          0x0800512b   Thumb Code    18  stm32f10x_tim.o(.text)
    TIM_ClearOC4Ref                          0x0800513d   Thumb Code    24  stm32f10x_tim.o(.text)
    TIM_OC1PolarityConfig                    0x08005155   Thumb Code    18  stm32f10x_tim.o(.text)
    TIM_OC1NPolarityConfig                   0x08005167   Thumb Code    18  stm32f10x_tim.o(.text)
    TIM_OC2PolarityConfig                    0x08005179   Thumb Code    26  stm32f10x_tim.o(.text)
    TIM_OC2NPolarityConfig                   0x08005193   Thumb Code    26  stm32f10x_tim.o(.text)
    TIM_OC3PolarityConfig                    0x080051ad   Thumb Code    26  stm32f10x_tim.o(.text)
    TIM_OC3NPolarityConfig                   0x080051c7   Thumb Code    26  stm32f10x_tim.o(.text)
    TIM_OC4PolarityConfig                    0x080051e1   Thumb Code    26  stm32f10x_tim.o(.text)
    TIM_CCxCmd                               0x080051fb   Thumb Code    30  stm32f10x_tim.o(.text)
    TIM_CCxNCmd                              0x08005219   Thumb Code    30  stm32f10x_tim.o(.text)
    TIM_SelectOCxM                           0x08005237   Thumb Code    82  stm32f10x_tim.o(.text)
    TIM_UpdateDisableConfig                  0x08005289   Thumb Code    24  stm32f10x_tim.o(.text)
    TIM_UpdateRequestConfig                  0x080052a1   Thumb Code    24  stm32f10x_tim.o(.text)
    TIM_SelectHallSensor                     0x080052b9   Thumb Code    24  stm32f10x_tim.o(.text)
    TIM_SelectOnePulseMode                   0x080052d1   Thumb Code    18  stm32f10x_tim.o(.text)
    TIM_SelectOutputTrigger                  0x080052e3   Thumb Code    18  stm32f10x_tim.o(.text)
    TIM_SelectSlaveMode                      0x080052f5   Thumb Code    18  stm32f10x_tim.o(.text)
    TIM_SelectMasterSlaveMode                0x08005307   Thumb Code    18  stm32f10x_tim.o(.text)
    TIM_SetCounter                           0x08005319   Thumb Code     4  stm32f10x_tim.o(.text)
    TIM_SetAutoreload                        0x0800531d   Thumb Code     4  stm32f10x_tim.o(.text)
    TIM_SetCompare1                          0x08005321   Thumb Code     4  stm32f10x_tim.o(.text)
    TIM_SetCompare2                          0x08005325   Thumb Code     4  stm32f10x_tim.o(.text)
    TIM_SetCompare3                          0x08005329   Thumb Code     4  stm32f10x_tim.o(.text)
    TIM_SetCompare4                          0x0800532d   Thumb Code     6  stm32f10x_tim.o(.text)
    TIM_SetClockDivision                     0x08005333   Thumb Code    18  stm32f10x_tim.o(.text)
    TIM_GetCapture1                          0x08005345   Thumb Code     6  stm32f10x_tim.o(.text)
    TIM_GetCapture2                          0x0800534b   Thumb Code     6  stm32f10x_tim.o(.text)
    TIM_GetCapture3                          0x08005351   Thumb Code     6  stm32f10x_tim.o(.text)
    TIM_GetCapture4                          0x08005357   Thumb Code     8  stm32f10x_tim.o(.text)
    TIM_GetCounter                           0x0800535f   Thumb Code     6  stm32f10x_tim.o(.text)
    TIM_GetPrescaler                         0x08005365   Thumb Code     6  stm32f10x_tim.o(.text)
    TIM_GetFlagStatus                        0x0800536b   Thumb Code    18  stm32f10x_tim.o(.text)
    TIM_ClearFlag                            0x0800537d   Thumb Code     6  stm32f10x_tim.o(.text)
    TIM_GetITStatus                          0x08005383   Thumb Code    34  stm32f10x_tim.o(.text)
    TIM_ClearITPendingBit                    0x080053a5   Thumb Code     6  stm32f10x_tim.o(.text)
    USART_DeInit                             0x080053ad   Thumb Code   134  stm32f10x_usart.o(.text)
    USART_Init                               0x08005433   Thumb Code   210  stm32f10x_usart.o(.text)
    USART_StructInit                         0x08005505   Thumb Code    24  stm32f10x_usart.o(.text)
    USART_ClockInit                          0x0800551d   Thumb Code    34  stm32f10x_usart.o(.text)
    USART_ClockStructInit                    0x0800553f   Thumb Code    12  stm32f10x_usart.o(.text)
    USART_Cmd                                0x0800554b   Thumb Code    24  stm32f10x_usart.o(.text)
    USART_ITConfig                           0x08005563   Thumb Code    74  stm32f10x_usart.o(.text)
    USART_DMACmd                             0x080055ad   Thumb Code    18  stm32f10x_usart.o(.text)
    USART_SetAddress                         0x080055bf   Thumb Code    18  stm32f10x_usart.o(.text)
    USART_WakeUpConfig                       0x080055d1   Thumb Code    18  stm32f10x_usart.o(.text)
    USART_ReceiverWakeUpCmd                  0x080055e3   Thumb Code    24  stm32f10x_usart.o(.text)
    USART_LINBreakDetectLengthConfig         0x080055fb   Thumb Code    18  stm32f10x_usart.o(.text)
    USART_LINCmd                             0x0800560d   Thumb Code    24  stm32f10x_usart.o(.text)
    USART_SendData                           0x08005625   Thumb Code     8  stm32f10x_usart.o(.text)
    USART_ReceiveData                        0x0800562d   Thumb Code    10  stm32f10x_usart.o(.text)
    USART_SendBreak                          0x08005637   Thumb Code    10  stm32f10x_usart.o(.text)
    USART_SetGuardTime                       0x08005641   Thumb Code    16  stm32f10x_usart.o(.text)
    USART_SetPrescaler                       0x08005651   Thumb Code    16  stm32f10x_usart.o(.text)
    USART_SmartCardCmd                       0x08005661   Thumb Code    24  stm32f10x_usart.o(.text)
    USART_SmartCardNACKCmd                   0x08005679   Thumb Code    24  stm32f10x_usart.o(.text)
    USART_HalfDuplexCmd                      0x08005691   Thumb Code    24  stm32f10x_usart.o(.text)
    USART_OverSampling8Cmd                   0x080056a9   Thumb Code    22  stm32f10x_usart.o(.text)
    USART_OneBitMethodCmd                    0x080056bf   Thumb Code    24  stm32f10x_usart.o(.text)
    USART_IrDAConfig                         0x080056d7   Thumb Code    18  stm32f10x_usart.o(.text)
    USART_IrDACmd                            0x080056e9   Thumb Code    24  stm32f10x_usart.o(.text)
    USART_GetFlagStatus                      0x08005701   Thumb Code    26  stm32f10x_usart.o(.text)
    USART_ClearFlag                          0x0800571b   Thumb Code    18  stm32f10x_usart.o(.text)
    USART_GetITStatus                        0x0800572d   Thumb Code    84  stm32f10x_usart.o(.text)
    USART_ClearITPendingBit                  0x08005781   Thumb Code    52  stm32f10x_usart.o(.text)
    ADC_DeInit                               0x080057b5   Thumb Code    78  stm32f10x_adc.o(.text)
    ADC_Init                                 0x08005803   Thumb Code    70  stm32f10x_adc.o(.text)
    ADC_StructInit                           0x08005849   Thumb Code    18  stm32f10x_adc.o(.text)
    ADC_Cmd                                  0x0800585b   Thumb Code    22  stm32f10x_adc.o(.text)
    ADC_DMACmd                               0x08005871   Thumb Code    22  stm32f10x_adc.o(.text)
    ADC_ITConfig                             0x08005887   Thumb Code    24  stm32f10x_adc.o(.text)
    ADC_ResetCalibration                     0x0800589f   Thumb Code    10  stm32f10x_adc.o(.text)
    ADC_GetResetCalibrationStatus            0x080058a9   Thumb Code    20  stm32f10x_adc.o(.text)
    ADC_StartCalibration                     0x080058bd   Thumb Code    10  stm32f10x_adc.o(.text)
    ADC_GetCalibrationStatus                 0x080058c7   Thumb Code    20  stm32f10x_adc.o(.text)
    ADC_SoftwareStartConvCmd                 0x080058db   Thumb Code    22  stm32f10x_adc.o(.text)
    ADC_GetSoftwareStartConvStatus           0x080058f1   Thumb Code    20  stm32f10x_adc.o(.text)
    ADC_DiscModeChannelCountConfig           0x08005905   Thumb Code    24  stm32f10x_adc.o(.text)
    ADC_DiscModeCmd                          0x0800591d   Thumb Code    22  stm32f10x_adc.o(.text)
    ADC_RegularChannelConfig                 0x08005933   Thumb Code   184  stm32f10x_adc.o(.text)
    ADC_ExternalTrigConvCmd                  0x080059eb   Thumb Code    22  stm32f10x_adc.o(.text)
    ADC_GetConversionValue                   0x08005a01   Thumb Code     8  stm32f10x_adc.o(.text)
    ADC_GetDualModeConversionValue           0x08005a09   Thumb Code     8  stm32f10x_adc.o(.text)
    ADC_AutoInjectedConvCmd                  0x08005a11   Thumb Code    22  stm32f10x_adc.o(.text)
    ADC_InjectedDiscModeCmd                  0x08005a27   Thumb Code    22  stm32f10x_adc.o(.text)
    ADC_ExternalTrigInjectedConvConfig       0x08005a3d   Thumb Code    16  stm32f10x_adc.o(.text)
    ADC_ExternalTrigInjectedConvCmd          0x08005a4d   Thumb Code    22  stm32f10x_adc.o(.text)
    ADC_SoftwareStartInjectedConvCmd         0x08005a63   Thumb Code    22  stm32f10x_adc.o(.text)
    ADC_GetSoftwareStartInjectedConvCmdStatus 0x08005a79   Thumb Code    20  stm32f10x_adc.o(.text)
    ADC_InjectedChannelConfig                0x08005a8d   Thumb Code   130  stm32f10x_adc.o(.text)
    ADC_InjectedSequencerLengthConfig        0x08005b0f   Thumb Code    24  stm32f10x_adc.o(.text)
    ADC_SetInjectedOffset                    0x08005b27   Thumb Code    20  stm32f10x_adc.o(.text)
    ADC_GetInjectedConversionValue           0x08005b3b   Thumb Code    28  stm32f10x_adc.o(.text)
    ADC_AnalogWatchdogCmd                    0x08005b57   Thumb Code    16  stm32f10x_adc.o(.text)
    ADC_AnalogWatchdogThresholdsConfig       0x08005b67   Thumb Code     6  stm32f10x_adc.o(.text)
    ADC_AnalogWatchdogSingleChannelConfig    0x08005b6d   Thumb Code    16  stm32f10x_adc.o(.text)
    ADC_TempSensorVrefintCmd                 0x08005b7d   Thumb Code    64  stm32f10x_adc.o(.text)
    ADC_GetFlagStatus                        0x08005bbd   Thumb Code    18  stm32f10x_adc.o(.text)
    ADC_ClearFlag                            0x08005bcf   Thumb Code     6  stm32f10x_adc.o(.text)
    ADC_GetITStatus                          0x08005bd5   Thumb Code    36  stm32f10x_adc.o(.text)
    ADC_ClearITPendingBit                    0x08005bf9   Thumb Code    10  stm32f10x_adc.o(.text)
    FLASH_SetLatency                         0x08005c05   Thumb Code    18  stm32f10x_flash.o(.text)
    FLASH_HalfCycleAccessCmd                 0x08005c17   Thumb Code    22  stm32f10x_flash.o(.text)
    FLASH_PrefetchBufferCmd                  0x08005c2d   Thumb Code    22  stm32f10x_flash.o(.text)
    FLASH_Unlock                             0x08005c43   Thumb Code    12  stm32f10x_flash.o(.text)
    FLASH_UnlockBank1                        0x08005c4f   Thumb Code    12  stm32f10x_flash.o(.text)
    FLASH_Lock                               0x08005c5b   Thumb Code    14  stm32f10x_flash.o(.text)
    FLASH_LockBank1                          0x08005c69   Thumb Code    14  stm32f10x_flash.o(.text)
    FLASH_GetBank1Status                     0x08005c77   Thumb Code    48  stm32f10x_flash.o(.text)
    FLASH_WaitForLastOperation               0x08005ca7   Thumb Code    38  stm32f10x_flash.o(.text)
    FLASH_ErasePage                          0x08005ccd   Thumb Code    72  stm32f10x_flash.o(.text)
    FLASH_EraseAllPages                      0x08005d15   Thumb Code    68  stm32f10x_flash.o(.text)
    FLASH_WaitForLastBank1Operation          0x08005d59   Thumb Code    38  stm32f10x_flash.o(.text)
    FLASH_EraseAllBank1Pages                 0x08005d7f   Thumb Code    68  stm32f10x_flash.o(.text)
    FLASH_GetReadOutProtectionStatus         0x08005dc3   Thumb Code    20  stm32f10x_flash.o(.text)
    FLASH_EraseOptionBytes                   0x08005dd7   Thumb Code   150  stm32f10x_flash.o(.text)
    FLASH_ProgramWord                        0x08005e6d   Thumb Code   102  stm32f10x_flash.o(.text)
    FLASH_ProgramHalfWord                    0x08005ed3   Thumb Code    60  stm32f10x_flash.o(.text)
    FLASH_ProgramOptionByteData              0x08005f0f   Thumb Code    72  stm32f10x_flash.o(.text)
    FLASH_EnableWriteProtection              0x08005f57   Thumb Code   200  stm32f10x_flash.o(.text)
    FLASH_ReadOutProtection                  0x0800601f   Thumb Code   156  stm32f10x_flash.o(.text)
    FLASH_UserOptionByteConfig               0x080060bb   Thumb Code    88  stm32f10x_flash.o(.text)
    FLASH_GetUserOptionByte                  0x08006113   Thumb Code     8  stm32f10x_flash.o(.text)
    FLASH_GetWriteProtectionOptionByte       0x0800611b   Thumb Code     6  stm32f10x_flash.o(.text)
    FLASH_GetPrefetchBufferStatus            0x08006121   Thumb Code    20  stm32f10x_flash.o(.text)
    FLASH_ITConfig                           0x08006135   Thumb Code    26  stm32f10x_flash.o(.text)
    FLASH_GetFlagStatus                      0x0800614f   Thumb Code    42  stm32f10x_flash.o(.text)
    FLASH_ClearFlag                          0x08006179   Thumb Code     6  stm32f10x_flash.o(.text)
    FLASH_GetStatus                          0x0800617f   Thumb Code    48  stm32f10x_flash.o(.text)
    IWDG_WriteAccessCmd                      0x080061c1   Thumb Code     6  stm32f10x_iwdg.o(.text)
    IWDG_SetPrescaler                        0x080061c7   Thumb Code     6  stm32f10x_iwdg.o(.text)
    IWDG_SetReload                           0x080061cd   Thumb Code     6  stm32f10x_iwdg.o(.text)
    IWDG_ReloadCounter                       0x080061d3   Thumb Code    10  stm32f10x_iwdg.o(.text)
    IWDG_Enable                              0x080061dd   Thumb Code    10  stm32f10x_iwdg.o(.text)
    IWDG_GetFlagStatus                       0x080061e7   Thumb Code    20  stm32f10x_iwdg.o(.text)
    __use_no_semihosting                     0x08006201   Thumb Code     2  use_no_semi_2.o(.text)
    __c89vsprintf                            0x08006205   Thumb Code    32  c89vsprintf.o(.text)
    __2printf                                0x08006229   Thumb Code    20  __2printf.o(.text)
    __2sprintf                               0x08006241   Thumb Code    38  __2sprintf.o(.text)
    _printf_pre_padding                      0x0800626d   Thumb Code    44  _printf_pad.o(.text)
    _printf_post_padding                     0x08006299   Thumb Code    34  _printf_pad.o(.text)
    _printf_truncate_signed                  0x080062bb   Thumb Code    18  _printf_truncate.o(.text)
    _printf_truncate_unsigned                0x080062cd   Thumb Code    18  _printf_truncate.o(.text)
    _printf_str                              0x080062df   Thumb Code    82  _printf_str.o(.text)
    _printf_int_dec                          0x08006331   Thumb Code   104  _printf_dec.o(.text)
    _printf_charcount                        0x080063a9   Thumb Code    40  _printf_charcount.o(.text)
    _printf_wctomb                           0x080063d1   Thumb Code   182  _printf_wctomb.o(.text)
    _printf_longlong_oct                     0x0800648d   Thumb Code    66  _printf_oct_int_ll.o(.text)
    _printf_int_oct                          0x080064cf   Thumb Code    24  _printf_oct_int_ll.o(.text)
    _printf_ll_oct                           0x080064e7   Thumb Code    12  _printf_oct_int_ll.o(.text)
    _printf_longlong_hex                     0x080064fd   Thumb Code    86  _printf_hex_int_ll_ptr.o(.text)
    _printf_int_hex                          0x08006553   Thumb Code    28  _printf_hex_int_ll_ptr.o(.text)
    _printf_ll_hex                           0x0800656f   Thumb Code    12  _printf_hex_int_ll_ptr.o(.text)
    _printf_hex_ptr                          0x0800657b   Thumb Code    18  _printf_hex_int_ll_ptr.o(.text)
    __printf                                 0x08006591   Thumb Code   388  __printf_flags_ss_wp.o(.text)
    atoi                                     0x08006719   Thumb Code    26  atoi.o(.text)
    strstr                                   0x08006733   Thumb Code    36  strstr.o(.text)
    strlen                                   0x08006757   Thumb Code    62  strlen.o(.text)
    strcat                                   0x08006795   Thumb Code    24  strcat.o(.text)
    __aeabi_memcpy4                          0x080067ad   Thumb Code     0  rt_memcpy_w.o(.text)
    __aeabi_memcpy8                          0x080067ad   Thumb Code     0  rt_memcpy_w.o(.text)
    __rt_memcpy_w                            0x080067ad   Thumb Code   100  rt_memcpy_w.o(.text)
    _memcpy_lastbytes_aligned                0x080067f5   Thumb Code     0  rt_memcpy_w.o(.text)
    strncpy                                  0x08006811   Thumb Code    86  strncpy.o(.text)
    __use_two_region_memory                  0x08006867   Thumb Code     2  heapauxi.o(.text)
    __rt_heap_escrow$2region                 0x08006869   Thumb Code     2  heapauxi.o(.text)
    __rt_heap_expand$2region                 0x0800686b   Thumb Code     2  heapauxi.o(.text)
    __I$use$semihosting                      0x0800686d   Thumb Code     0  use_no_semi.o(.text)
    __use_no_semihosting_swi                 0x0800686d   Thumb Code     2  use_no_semi.o(.text)
    __aeabi_errno_addr                       0x08006871   Thumb Code     8  rt_errno_addr_intlibspace.o(.text)
    __errno$intlibspace                      0x08006871   Thumb Code     0  rt_errno_addr_intlibspace.o(.text)
    __rt_errno_addr$intlibspace              0x08006871   Thumb Code     0  rt_errno_addr_intlibspace.o(.text)
    _printf_int_common                       0x08006879   Thumb Code   178  _printf_intcommon.o(.text)
    __lib_sel_fp_printf                      0x0800692b   Thumb Code     2  _printf_fp_dec.o(.text)
    _printf_fp_dec_real                      0x08006add   Thumb Code   620  _printf_fp_dec.o(.text)
    _printf_fp_hex_real                      0x08006d49   Thumb Code   756  _printf_fp_hex.o(.text)
    _printf_char_common                      0x0800704f   Thumb Code    32  _printf_char_common.o(.text)
    _sputc                                   0x08007075   Thumb Code    10  _sputc.o(.text)
    _printf_cs_common                        0x0800707f   Thumb Code    20  _printf_char.o(.text)
    _printf_char                             0x08007093   Thumb Code    16  _printf_char.o(.text)
    _printf_string                           0x080070a3   Thumb Code     8  _printf_char.o(.text)
    _printf_char_file                        0x080070ad   Thumb Code    32  _printf_char_file.o(.text)
    _printf_lcs_common                       0x080070d1   Thumb Code    20  _printf_wchar.o(.text)
    _printf_wchar                            0x080070e5   Thumb Code    16  _printf_wchar.o(.text)
    _printf_wstring                          0x080070f5   Thumb Code     8  _printf_wchar.o(.text)
    _printf_longlong_dec                     0x080070fd   Thumb Code   108  _printf_longlong_dec.o(.text)
    strtol                                   0x08007179   Thumb Code   112  strtol.o(.text)
    _wcrtomb                                 0x080071e9   Thumb Code    64  _wcrtomb.o(.text)
    __aeabi_memclr                           0x08007229   Thumb Code     0  rt_memclr.o(.text)
    __rt_memclr                              0x08007229   Thumb Code    68  rt_memclr.o(.text)
    _memset                                  0x0800722d   Thumb Code     0  rt_memclr.o(.text)
    __user_libspace                          0x0800726d   Thumb Code     8  libspace.o(.text)
    __user_perproc_libspace                  0x0800726d   Thumb Code     0  libspace.o(.text)
    __user_perthread_libspace                0x0800726d   Thumb Code     0  libspace.o(.text)
    __rt_ctype_table                         0x08007275   Thumb Code    16  rt_ctype_table.o(.text)
    __rt_locale                              0x08007285   Thumb Code     8  rt_locale_intlibspace.o(.text)
    _ll_udiv10                               0x0800728d   Thumb Code   138  lludiv10.o(.text)
    _printf_fp_infnan                        0x08007319   Thumb Code   112  _printf_fp_infnan.o(.text)
    _strtoul                                 0x08007399   Thumb Code   158  _strtoul.o(.text)
    _btod_etento                             0x08007439   Thumb Code   224  bigflt0.o(.text)
    ferror                                   0x0800751d   Thumb Code     8  ferror.o(.text)
    __aeabi_memclr4                          0x08007525   Thumb Code     0  rt_memclr_w.o(.text)
    __aeabi_memclr8                          0x08007525   Thumb Code     0  rt_memclr_w.o(.text)
    __rt_memclr_w                            0x08007525   Thumb Code    78  rt_memclr_w.o(.text)
    _memset_w                                0x08007529   Thumb Code     0  rt_memclr_w.o(.text)
    __user_setup_stackheap                   0x08007573   Thumb Code    74  sys_stackheap_outer.o(.text)
    _chval                                   0x080075bd   Thumb Code    28  _chval.o(.text)
    exit                                     0x080075d9   Thumb Code    18  exit.o(.text)
    strcmp                                   0x080075ed   Thumb Code   128  strcmpv7m.o(.text)
    _btod_d2e                                0x0800766d   Thumb Code    62  btod.o(CL$$btod_d2e)
    _d2e_denorm_low                          0x080076ab   Thumb Code    70  btod.o(CL$$btod_d2e_denorm_low)
    _d2e_norm_op1                            0x080076f1   Thumb Code    96  btod.o(CL$$btod_d2e_norm_op1)
    __btod_div_common                        0x08007751   Thumb Code   696  btod.o(CL$$btod_div_common)
    _e2e                                     0x08007a89   Thumb Code   220  btod.o(CL$$btod_e2e)
    _btod_ediv                               0x08007b65   Thumb Code    42  btod.o(CL$$btod_ediv)
    _btod_emul                               0x08007b8f   Thumb Code    42  btod.o(CL$$btod_emul)
    __btod_mult_common                       0x08007bb9   Thumb Code   580  btod.o(CL$$btod_mult_common)
    __ARM_fpclassify                         0x08007dfd   Thumb Code    40  fpclassify.o(i.__ARM_fpclassify)
    _is_digit                                0x08007e25   Thumb Code    14  __printf_wp.o(i._is_digit)
    _get_lc_numeric                          0x08007e35   Thumb Code    44  lc_numeric_c.o(locale$$code)
    _get_lc_ctype                            0x08007e61   Thumb Code    44  lc_ctype_c.o(locale$$code)
    __aeabi_d2f                              0x08007e8d   Thumb Code     0  d2f.o(x$fpl$d2f)
    _d2f                                     0x08007e8d   Thumb Code    98  d2f.o(x$fpl$d2f)
    __aeabi_ddiv                             0x08007ef1   Thumb Code     0  ddiv.o(x$fpl$ddiv)
    _ddiv                                    0x08007ef1   Thumb Code   552  ddiv.o(x$fpl$ddiv)
    __aeabi_d2uiz                            0x080081a1   Thumb Code     0  dfixu.o(x$fpl$dfixu)
    _dfixu                                   0x080081a1   Thumb Code    90  dfixu.o(x$fpl$dfixu)
    __aeabi_i2d                              0x080081fb   Thumb Code     0  dflt_clz.o(x$fpl$dflt)
    _dflt                                    0x080081fb   Thumb Code    46  dflt_clz.o(x$fpl$dflt)
    __aeabi_dmul                             0x08008229   Thumb Code     0  dmul.o(x$fpl$dmul)
    _dmul                                    0x08008229   Thumb Code   332  dmul.o(x$fpl$dmul)
    __fpl_dnaninf                            0x0800837d   Thumb Code   156  dnaninf.o(x$fpl$dnaninf)
    __fpl_dretinf                            0x08008419   Thumb Code    12  dretinf.o(x$fpl$dretinf)
    __aeabi_f2d                              0x08008425   Thumb Code     0  f2d.o(x$fpl$f2d)
    _f2d                                     0x08008425   Thumb Code    86  f2d.o(x$fpl$f2d)
    __aeabi_fadd                             0x0800847d   Thumb Code     0  faddsub_clz.o(x$fpl$fadd)
    _fadd                                    0x0800847d   Thumb Code   196  faddsub_clz.o(x$fpl$fadd)
    __aeabi_fdiv                             0x08008541   Thumb Code     0  fdiv.o(x$fpl$fdiv)
    _fdiv                                    0x08008541   Thumb Code   384  fdiv.o(x$fpl$fdiv)
    __aeabi_f2iz                             0x080086c5   Thumb Code     0  ffix.o(x$fpl$ffix)
    _ffix                                    0x080086c5   Thumb Code    54  ffix.o(x$fpl$ffix)
    __aeabi_f2uiz                            0x080086fd   Thumb Code     0  ffixu.o(x$fpl$ffixu)
    _ffixu                                   0x080086fd   Thumb Code    62  ffixu.o(x$fpl$ffixu)
    __aeabi_i2f                              0x0800873d   Thumb Code     0  fflt_clz.o(x$fpl$fflt)
    _fflt                                    0x0800873d   Thumb Code    48  fflt_clz.o(x$fpl$fflt)
    __aeabi_ui2f                             0x0800876d   Thumb Code     0  fflt_clz.o(x$fpl$ffltu)
    _ffltu                                   0x0800876d   Thumb Code    38  fflt_clz.o(x$fpl$ffltu)
    __aeabi_fmul                             0x08008795   Thumb Code     0  fmul.o(x$fpl$fmul)
    _fmul                                    0x08008795   Thumb Code   258  fmul.o(x$fpl$fmul)
    __fpl_fnaninf                            0x08008897   Thumb Code   140  fnaninf.o(x$fpl$fnaninf)
    __fpl_fretinf                            0x08008923   Thumb Code    10  fretinf.o(x$fpl$fretinf)
    __aeabi_fsub                             0x0800892d   Thumb Code     0  faddsub_clz.o(x$fpl$fsub)
    _fsub                                    0x0800892d   Thumb Code   234  faddsub_clz.o(x$fpl$fsub)
    _printf_fp_dec                           0x08008a17   Thumb Code     4  printf1.o(x$fpl$printf1)
    _printf_fp_hex                           0x08008a1b   Thumb Code     4  printf2.o(x$fpl$printf2)
    __I$use$fp                               0x08008a1e   Number         0  usenofp.o(x$fpl$usenofp)
    BAUD_id                                  0x08008c20   Data          36  gps.o(.constdata)
    Region$$Table$$Base                      0x08008f58   Number         0  anon$$obj.o(Region$$Table)
    Region$$Table$$Limit                     0x08008f78   Number         0  anon$$obj.o(Region$$Table)
    __ctype                                  0x08008fa1   Data           0  lc_ctype_c.o(locale$$data)
    mqttput_float                            0x20000000   Data           1  main.o(.data)
    Timeflag                                 0x20000001   Data           1  main.o(.data)
    send_data_float                          0x20000002   Data           1  main.o(.data)
    stop_flag                                0x20000003   Data           1  main.o(.data)
    len                                      0x20000004   Data           2  main.o(.data)
    CH2_OUT                                  0x20000006   Data           2  main.o(.data)
    CH3_OUT                                  0x20000008   Data           2  main.o(.data)
    time                                     0x2000000a   Data           1  main.o(.data)
    Remote                                   0x2000000b   Data           1  main.o(.data)
    a                                        0x2000000c   Data           1  main.o(.data)
    SystemCoreClock                          0x20000010   Data           4  system_stm32f10x.o(.data)
    AHBPrescTable                            0x20000014   Data          16  system_stm32f10x.o(.data)
    TIM3CH3_CAPTURE_VAL                      0x20000024   Data           2  timer.o(.data)
    TIM3CH3_CAPTURE_STA                      0x20000026   Data           1  timer.o(.data)
    TIM3CH3_CAPTURE_Date2                    0x20000028   Data           2  timer.o(.data)
    TIM3CH3_CAPTURE_Date1                    0x2000002a   Data           2  timer.o(.data)
    TIM5CH1_CAPTURE_STA                      0x2000002c   Data           1  timer.o(.data)
    TIM5CH1_CAPTURE_Date2                    0x2000002e   Data           2  timer.o(.data)
    TIM5CH1_CAPTURE_Date1                    0x20000030   Data           2  timer.o(.data)
    tim2_time                                0x20000032   Data           1  timer.o(.data)
    data_Send_Time                           0x20000033   Data           1  timer.o(.data)
    GPS_Data_Send_Time                       0x20000034   Data           1  timer.o(.data)
    RemoteFlag                               0x20000038   Data           1  remote.o(.data)
    MQTTFlag                                 0x20000039   Data           1  remote.o(.data)
    temp5_1                                  0x2000003c   Data           4  remote.o(.data)
    temp3_3                                  0x20000040   Data           4  remote.o(.data)
    temp_CH2                                 0x20000044   Data           4  remote.o(.data)
    temp_CH3                                 0x20000048   Data           4  remote.o(.data)
    Cor_time                                 0x2000004c   Data           1  remote.o(.data)
    MQTTClosedFlag                           0x20000054   Data           1  ml302.o(.data)
    MQTTReceiveFlag                          0x20000055   Data           1  ml302.o(.data)
    strx                                     0x20000058   Data           4  ml302.o(.data)
    extstrx                                  0x2000005c   Data           4  ml302.o(.data)
    RxCounter                                0x2000007e   Data           2  usart3.o(.data)
    RxCounter1                               0x20000080   Data           1  usart3.o(.data)
    USART3_RX_STA                            0x20000082   Data           2  usart3.o(.data)
    BUFt                                     0x20000084   Data           2  sht31.o(.data)
    BUFh                                     0x20000086   Data           2  sht31.o(.data)
    rxbufsht31                               0x20000088   Data           6  sht31.o(.data)
    crc1                                     0x2000008e   Data           1  sht31.o(.data)
    crc2                                     0x2000008f   Data           1  sht31.o(.data)
    tem                                      0x20000090   Data           1  sht31.o(.data)
    hum                                      0x20000091   Data           1  sht31.o(.data)
    UART5_RX_STA                             0x20000092   Data           2  uart5.o(.data)
    WDIR_data                                0x20000094   Data           4  rs485.o(.data)
    RS485_RX_CNT                             0x20000098   Data           1  rs485.o(.data)
    rev_len                                  0x20000099   Data           1  rs485.o(.data)
    fixmode_tbl                              0x2000009c   Data          16  gps.o(.data)
    longitude                                0x200000ac   Data           4  gps.o(.data)
    latitude                                 0x200000b0   Data           4  gps.o(.data)
    Speed                                    0x200000b4   Data           4  gps.o(.data)
    gps                                      0x200000b8   Data           4  gps.o(.data)
    beidou                                   0x200000bc   Data           4  gps.o(.data)
    high                                     0x200000c0   Data           4  gps.o(.data)
    gps_qty                                  0x200000c4   Data           4  gps.o(.data)
    bd_qty                                   0x200000c8   Data           4  gps.o(.data)
    __stdout                                 0x200000d0   Data           4  usart.o(.data)
    USART_RX_STA                             0x200000d4   Data           2  usart.o(.data)
    TIM3_ICInitStructure                     0x200000ec   Data          10  timer.o(.bss)
    TIM5_ICInitStructure                     0x200000f6   Data          10  timer.o(.bss)
    STMFLASH_BUF                             0x20000100   Data        2048  flash.o(.bss)
    ML302_Status                             0x20000900   Data        3015  ml302.o(.bss)
    RxBuffer                                 0x200014c7   Data         900  usart3.o(.bss)
    RxBuffer1                                0x2000184b   Data         100  usart3.o(.bss)
    USART3_RX_BUF                            0x200018af   Data        2000  usart3.o(.bss)
    UART5_RX_BUF                             0x2000207f   Data         600  uart5.o(.bss)
    UART5_TX_BUF                             0x200022d7   Data         600  uart5.o(.bss)
    RS485_RX_BUF                             0x2000252f   Data         164  rs485.o(.bss)
    rs485buf                                 0x200025d3   Data         100  rs485.o(.bss)
    USART1_TX_BUF                            0x20002638   Data         600  gps.o(.bss)
    gpsx                                     0x20002890   Data         166  gps.o(.bss)
    dtbuf                                    0x20002938   Data          50  gps.o(.bss)
    Longitude                                0x2000296a   Data          40  gps.o(.bss)
    Lattitude                                0x20002992   Data          40  gps.o(.bss)
    USART_RX_BUF                             0x200029c0   Data         200  usart.o(.bss)
    Usart1_TxBuff                            0x20002a88   Data         256  usart.o(.bss)
    __libspace_start                         0x20002b88   Data          96  libspace.o(.bss)
    __temporary_stack_top$libspace           0x20002be8   Data           0  libspace.o(.bss)



==============================================================================

Memory Map of the image

  Image Entry point : 0x08000131

  Load Region LR_IROM1 (Base: 0x08000000, Size: 0x00009190, Max: 0x00040000, ABSOLUTE)

    Execution Region ER_IROM1 (Exec base: 0x08000000, Load base: 0x08000000, Size: 0x000090a4, Max: 0x00040000, ABSOLUTE)

    Exec Addr    Load Addr    Size         Type   Attr      Idx    E Section Name        Object

    0x08000000   0x08000000   0x00000130   Data   RO          834    RESET               startup_stm32f10x_hd.o
    0x08000130   0x08000130   0x00000008   Code   RO         1114  * !!!main             c_w.l(__main.o)
    0x08000138   0x08000138   0x00000034   Code   RO         1431    !!!scatter          c_w.l(__scatter.o)
    0x0800016c   0x0800016c   0x0000001a   Code   RO         1433    !!handler_copy      c_w.l(__scatter_copy.o)
    0x08000186   0x08000186   0x00000002   PAD
    0x08000188   0x08000188   0x0000001c   Code   RO         1435    !!handler_zi        c_w.l(__scatter_zi.o)
    0x080001a4   0x080001a4   0x00000000   Code   RO         1098    .ARM.Collect$$_printf_percent$$00000000  c_w.l(_printf_percent.o)
    0x080001a4   0x080001a4   0x00000006   Code   RO         1087    .ARM.Collect$$_printf_percent$$00000001  c_w.l(_printf_n.o)
    0x080001aa   0x080001aa   0x00000006   Code   RO         1089    .ARM.Collect$$_printf_percent$$00000002  c_w.l(_printf_p.o)
    0x080001b0   0x080001b0   0x00000006   Code   RO         1094    .ARM.Collect$$_printf_percent$$00000003  c_w.l(_printf_f.o)
    0x080001b6   0x080001b6   0x00000006   Code   RO         1095    .ARM.Collect$$_printf_percent$$00000004  c_w.l(_printf_e.o)
    0x080001bc   0x080001bc   0x00000006   Code   RO         1096    .ARM.Collect$$_printf_percent$$00000005  c_w.l(_printf_g.o)
    0x080001c2   0x080001c2   0x00000006   Code   RO         1097    .ARM.Collect$$_printf_percent$$00000006  c_w.l(_printf_a.o)
    0x080001c8   0x080001c8   0x0000000a   Code   RO         1201    .ARM.Collect$$_printf_percent$$00000007  c_w.l(_printf_ll.o)
    0x080001d2   0x080001d2   0x00000006   Code   RO         1091    .ARM.Collect$$_printf_percent$$00000008  c_w.l(_printf_i.o)
    0x080001d8   0x080001d8   0x00000006   Code   RO         1092    .ARM.Collect$$_printf_percent$$00000009  c_w.l(_printf_d.o)
    0x080001de   0x080001de   0x00000006   Code   RO         1093    .ARM.Collect$$_printf_percent$$0000000A  c_w.l(_printf_u.o)
    0x080001e4   0x080001e4   0x00000006   Code   RO         1090    .ARM.Collect$$_printf_percent$$0000000B  c_w.l(_printf_o.o)
    0x080001ea   0x080001ea   0x00000006   Code   RO         1088    .ARM.Collect$$_printf_percent$$0000000C  c_w.l(_printf_x.o)
    0x080001f0   0x080001f0   0x00000006   Code   RO         1198    .ARM.Collect$$_printf_percent$$0000000D  c_w.l(_printf_lli.o)
    0x080001f6   0x080001f6   0x00000006   Code   RO         1199    .ARM.Collect$$_printf_percent$$0000000E  c_w.l(_printf_lld.o)
    0x080001fc   0x080001fc   0x00000006   Code   RO         1200    .ARM.Collect$$_printf_percent$$0000000F  c_w.l(_printf_llu.o)
    0x08000202   0x08000202   0x00000006   Code   RO         1204    .ARM.Collect$$_printf_percent$$00000010  c_w.l(_printf_llo.o)
    0x08000208   0x08000208   0x00000006   Code   RO         1205    .ARM.Collect$$_printf_percent$$00000011  c_w.l(_printf_llx.o)
    0x0800020e   0x0800020e   0x0000000a   Code   RO         1202    .ARM.Collect$$_printf_percent$$00000012  c_w.l(_printf_l.o)
    0x08000218   0x08000218   0x00000006   Code   RO         1085    .ARM.Collect$$_printf_percent$$00000013  c_w.l(_printf_c.o)
    0x0800021e   0x0800021e   0x00000006   Code   RO         1086    .ARM.Collect$$_printf_percent$$00000014  c_w.l(_printf_s.o)
    0x08000224   0x08000224   0x00000006   Code   RO         1099    .ARM.Collect$$_printf_percent$$00000015  c_w.l(_printf_lc.o)
    0x0800022a   0x0800022a   0x00000006   Code   RO         1203    .ARM.Collect$$_printf_percent$$00000016  c_w.l(_printf_ls.o)
    0x08000230   0x08000230   0x00000004   Code   RO         1197    .ARM.Collect$$_printf_percent$$00000017  c_w.l(_printf_percent_end.o)
    0x08000234   0x08000234   0x00000002   Code   RO         1308    .ARM.Collect$$libinit$$00000000  c_w.l(libinit.o)
    0x08000236   0x08000236   0x00000000   Code   RO         1310    .ARM.Collect$$libinit$$00000002  c_w.l(libinit2.o)
    0x08000236   0x08000236   0x00000000   Code   RO         1312    .ARM.Collect$$libinit$$00000004  c_w.l(libinit2.o)
    0x08000236   0x08000236   0x00000000   Code   RO         1315    .ARM.Collect$$libinit$$0000000A  c_w.l(libinit2.o)
    0x08000236   0x08000236   0x00000000   Code   RO         1317    .ARM.Collect$$libinit$$0000000C  c_w.l(libinit2.o)
    0x08000236   0x08000236   0x00000000   Code   RO         1319    .ARM.Collect$$libinit$$0000000E  c_w.l(libinit2.o)
    0x08000236   0x08000236   0x00000006   Code   RO         1320    .ARM.Collect$$libinit$$0000000F  c_w.l(libinit2.o)
    0x0800023c   0x0800023c   0x00000000   Code   RO         1322    .ARM.Collect$$libinit$$00000011  c_w.l(libinit2.o)
    0x0800023c   0x0800023c   0x0000000c   Code   RO         1323    .ARM.Collect$$libinit$$00000012  c_w.l(libinit2.o)
    0x08000248   0x08000248   0x00000000   Code   RO         1324    .ARM.Collect$$libinit$$00000013  c_w.l(libinit2.o)
    0x08000248   0x08000248   0x00000000   Code   RO         1326    .ARM.Collect$$libinit$$00000015  c_w.l(libinit2.o)
    0x08000248   0x08000248   0x0000000a   Code   RO         1327    .ARM.Collect$$libinit$$00000016  c_w.l(libinit2.o)
    0x08000252   0x08000252   0x00000000   Code   RO         1328    .ARM.Collect$$libinit$$00000017  c_w.l(libinit2.o)
    0x08000252   0x08000252   0x00000000   Code   RO         1330    .ARM.Collect$$libinit$$00000019  c_w.l(libinit2.o)
    0x08000252   0x08000252   0x00000000   Code   RO         1332    .ARM.Collect$$libinit$$0000001B  c_w.l(libinit2.o)
    0x08000252   0x08000252   0x00000000   Code   RO         1334    .ARM.Collect$$libinit$$0000001D  c_w.l(libinit2.o)
    0x08000252   0x08000252   0x00000000   Code   RO         1336    .ARM.Collect$$libinit$$0000001F  c_w.l(libinit2.o)
    0x08000252   0x08000252   0x00000000   Code   RO         1338    .ARM.Collect$$libinit$$00000021  c_w.l(libinit2.o)
    0x08000252   0x08000252   0x00000000   Code   RO         1340    .ARM.Collect$$libinit$$00000023  c_w.l(libinit2.o)
    0x08000252   0x08000252   0x00000000   Code   RO         1342    .ARM.Collect$$libinit$$00000025  c_w.l(libinit2.o)
    0x08000252   0x08000252   0x00000000   Code   RO         1346    .ARM.Collect$$libinit$$0000002C  c_w.l(libinit2.o)
    0x08000252   0x08000252   0x00000000   Code   RO         1348    .ARM.Collect$$libinit$$0000002E  c_w.l(libinit2.o)
    0x08000252   0x08000252   0x00000000   Code   RO         1350    .ARM.Collect$$libinit$$00000030  c_w.l(libinit2.o)
    0x08000252   0x08000252   0x00000000   Code   RO         1352    .ARM.Collect$$libinit$$00000032  c_w.l(libinit2.o)
    0x08000252   0x08000252   0x00000002   Code   RO         1353    .ARM.Collect$$libinit$$00000033  c_w.l(libinit2.o)
    0x08000254   0x08000254   0x00000002   Code   RO         1381    .ARM.Collect$$libshutdown$$00000000  c_w.l(libshutdown.o)
    0x08000256   0x08000256   0x00000000   Code   RO         1390    .ARM.Collect$$libshutdown$$00000002  c_w.l(libshutdown2.o)
    0x08000256   0x08000256   0x00000000   Code   RO         1392    .ARM.Collect$$libshutdown$$00000004  c_w.l(libshutdown2.o)
    0x08000256   0x08000256   0x00000000   Code   RO         1395    .ARM.Collect$$libshutdown$$00000007  c_w.l(libshutdown2.o)
    0x08000256   0x08000256   0x00000000   Code   RO         1398    .ARM.Collect$$libshutdown$$0000000A  c_w.l(libshutdown2.o)
    0x08000256   0x08000256   0x00000000   Code   RO         1400    .ARM.Collect$$libshutdown$$0000000C  c_w.l(libshutdown2.o)
    0x08000256   0x08000256   0x00000000   Code   RO         1403    .ARM.Collect$$libshutdown$$0000000F  c_w.l(libshutdown2.o)
    0x08000256   0x08000256   0x00000002   Code   RO         1404    .ARM.Collect$$libshutdown$$00000010  c_w.l(libshutdown2.o)
    0x08000258   0x08000258   0x00000000   Code   RO         1172    .ARM.Collect$$rtentry$$00000000  c_w.l(__rtentry.o)
    0x08000258   0x08000258   0x00000000   Code   RO         1225    .ARM.Collect$$rtentry$$00000002  c_w.l(__rtentry2.o)
    0x08000258   0x08000258   0x00000006   Code   RO         1237    .ARM.Collect$$rtentry$$00000004  c_w.l(__rtentry4.o)
    0x0800025e   0x0800025e   0x00000000   Code   RO         1227    .ARM.Collect$$rtentry$$00000009  c_w.l(__rtentry2.o)
    0x0800025e   0x0800025e   0x00000004   Code   RO         1228    .ARM.Collect$$rtentry$$0000000A  c_w.l(__rtentry2.o)
    0x08000262   0x08000262   0x00000000   Code   RO         1230    .ARM.Collect$$rtentry$$0000000C  c_w.l(__rtentry2.o)
    0x08000262   0x08000262   0x00000008   Code   RO         1231    .ARM.Collect$$rtentry$$0000000D  c_w.l(__rtentry2.o)
    0x0800026a   0x0800026a   0x00000002   Code   RO         1354    .ARM.Collect$$rtexit$$00000000  c_w.l(rtexit.o)
    0x0800026c   0x0800026c   0x00000000   Code   RO         1361    .ARM.Collect$$rtexit$$00000002  c_w.l(rtexit2.o)
    0x0800026c   0x0800026c   0x00000004   Code   RO         1362    .ARM.Collect$$rtexit$$00000003  c_w.l(rtexit2.o)
    0x08000270   0x08000270   0x00000006   Code   RO         1363    .ARM.Collect$$rtexit$$00000004  c_w.l(rtexit2.o)
    0x08000276   0x08000276   0x00000002   PAD
    0x08000278   0x08000278   0x000002f8   Code   RO            1    .text               main.o
    0x08000570   0x08000570   0x0000001a   Code   RO          193    .text               stm32f10x_it.o
    0x0800058a   0x0800058a   0x00000002   PAD
    0x0800058c   0x0800058c   0x000001e0   Code   RO          291    .text               system_stm32f10x.o
    0x0800076c   0x0800076c   0x000000a0   Code   RO          309    .text               led.o
    0x0800080c   0x0800080c   0x0000057c   Code   RO          372    .text               timer.o
    0x08000d88   0x08000d88   0x00000124   Code   RO          389    .text               adc.o
    0x08000eac   0x08000eac   0x00000548   Code   RO          404    .text               remote.o
    0x080013f4   0x080013f4   0x00000050   Code   RO          423    .text               power.o
    0x08001444   0x08001444   0x00000144   Code   RO          438    .text               flash.o
    0x08001588   0x08001588   0x0000002c   Code   RO          460    .text               wdg.o
    0x080015b4   0x080015b4   0x00000f88   Code   RO          475    .text               ml302.o
    0x0800253c   0x0800253c   0x000001a8   Code   RO          523    .text               usart3.o
    0x080026e4   0x080026e4   0x0000027c   Code   RO          543    .text               myiic.o
    0x08002960   0x08002960   0x0000014c   Code   RO          555    .text               sht31.o
    0x08002aac   0x08002aac   0x0000014c   Code   RO          570    .text               uart5.o
    0x08002bf8   0x08002bf8   0x000002b8   Code   RO          589    .text               rs485.o
    0x08002eb0   0x08002eb0   0x00000c54   Code   RO          721    .text               gps.o
    0x08003b04   0x08003b04   0x000000d4   Code   RO          765    .text               delay.o
    0x08003bd8   0x08003bd8   0x0000019c   Code   RO          796    .text               usart.o
    0x08003d74   0x08003d74   0x00000040   Code   RO          835    .text               startup_stm32f10x_hd.o
    0x08003db4   0x08003db4   0x000000dc   Code   RO          839    .text               misc.o
    0x08003e90   0x08003e90   0x0000035c   Code   RO          851    .text               stm32f10x_gpio.o
    0x080041ec   0x080041ec   0x000003a4   Code   RO          863    .text               stm32f10x_rcc.o
    0x08004590   0x08004590   0x00000e1a   Code   RO          877    .text               stm32f10x_tim.o
    0x080053aa   0x080053aa   0x00000002   PAD
    0x080053ac   0x080053ac   0x00000408   Code   RO          889    .text               stm32f10x_usart.o
    0x080057b4   0x080057b4   0x0000044e   Code   RO          901    .text               stm32f10x_adc.o
    0x08005c02   0x08005c02   0x00000002   PAD
    0x08005c04   0x08005c04   0x000005bc   Code   RO          985    .text               stm32f10x_flash.o
    0x080061c0   0x080061c0   0x00000040   Code   RO          997    .text               stm32f10x_iwdg.o
    0x08006200   0x08006200   0x00000002   Code   RO         1011    .text               c_w.l(use_no_semi_2.o)
    0x08006202   0x08006202   0x00000002   PAD
    0x08006204   0x08006204   0x00000024   Code   RO         1013    .text               c_w.l(c89vsprintf.o)
    0x08006228   0x08006228   0x00000018   Code   RO         1015    .text               c_w.l(__2printf.o)
    0x08006240   0x08006240   0x0000002c   Code   RO         1017    .text               c_w.l(__2sprintf.o)
    0x0800626c   0x0800626c   0x0000004e   Code   RO         1025    .text               c_w.l(_printf_pad.o)
    0x080062ba   0x080062ba   0x00000024   Code   RO         1027    .text               c_w.l(_printf_truncate.o)
    0x080062de   0x080062de   0x00000052   Code   RO         1029    .text               c_w.l(_printf_str.o)
    0x08006330   0x08006330   0x00000078   Code   RO         1031    .text               c_w.l(_printf_dec.o)
    0x080063a8   0x080063a8   0x00000028   Code   RO         1033    .text               c_w.l(_printf_charcount.o)
    0x080063d0   0x080063d0   0x000000bc   Code   RO         1035    .text               c_w.l(_printf_wctomb.o)
    0x0800648c   0x0800648c   0x00000070   Code   RO         1042    .text               c_w.l(_printf_oct_int_ll.o)
    0x080064fc   0x080064fc   0x00000094   Code   RO         1062    .text               c_w.l(_printf_hex_int_ll_ptr.o)
    0x08006590   0x08006590   0x00000188   Code   RO         1082    .text               c_w.l(__printf_flags_ss_wp.o)
    0x08006718   0x08006718   0x0000001a   Code   RO         1100    .text               c_w.l(atoi.o)
    0x08006732   0x08006732   0x00000024   Code   RO         1102    .text               c_w.l(strstr.o)
    0x08006756   0x08006756   0x0000003e   Code   RO         1104    .text               c_w.l(strlen.o)
    0x08006794   0x08006794   0x00000018   Code   RO         1106    .text               c_w.l(strcat.o)
    0x080067ac   0x080067ac   0x00000064   Code   RO         1108    .text               c_w.l(rt_memcpy_w.o)
    0x08006810   0x08006810   0x00000056   Code   RO         1110    .text               c_w.l(strncpy.o)
    0x08006866   0x08006866   0x00000006   Code   RO         1112    .text               c_w.l(heapauxi.o)
    0x0800686c   0x0800686c   0x00000002   Code   RO         1170    .text               c_w.l(use_no_semi.o)
    0x0800686e   0x0800686e   0x00000002   PAD
    0x08006870   0x08006870   0x00000008   Code   RO         1176    .text               c_w.l(rt_errno_addr_intlibspace.o)
    0x08006878   0x08006878   0x000000b2   Code   RO         1178    .text               c_w.l(_printf_intcommon.o)
    0x0800692a   0x0800692a   0x0000041e   Code   RO         1180    .text               c_w.l(_printf_fp_dec.o)
    0x08006d48   0x08006d48   0x000002fc   Code   RO         1182    .text               c_w.l(_printf_fp_hex.o)
    0x08007044   0x08007044   0x00000030   Code   RO         1185    .text               c_w.l(_printf_char_common.o)
    0x08007074   0x08007074   0x0000000a   Code   RO         1187    .text               c_w.l(_sputc.o)
    0x0800707e   0x0800707e   0x0000002c   Code   RO         1189    .text               c_w.l(_printf_char.o)
    0x080070aa   0x080070aa   0x00000002   PAD
    0x080070ac   0x080070ac   0x00000024   Code   RO         1191    .text               c_w.l(_printf_char_file.o)
    0x080070d0   0x080070d0   0x0000002c   Code   RO         1193    .text               c_w.l(_printf_wchar.o)
    0x080070fc   0x080070fc   0x0000007c   Code   RO         1195    .text               c_w.l(_printf_longlong_dec.o)
    0x08007178   0x08007178   0x00000070   Code   RO         1206    .text               c_w.l(strtol.o)
    0x080071e8   0x080071e8   0x00000040   Code   RO         1208    .text               c_w.l(_wcrtomb.o)
    0x08007228   0x08007228   0x00000044   Code   RO         1210    .text               c_w.l(rt_memclr.o)
    0x0800726c   0x0800726c   0x00000008   Code   RO         1221    .text               c_w.l(libspace.o)
    0x08007274   0x08007274   0x00000010   Code   RO         1239    .text               c_w.l(rt_ctype_table.o)
    0x08007284   0x08007284   0x00000008   Code   RO         1244    .text               c_w.l(rt_locale_intlibspace.o)
    0x0800728c   0x0800728c   0x0000008a   Code   RO         1246    .text               c_w.l(lludiv10.o)
    0x08007316   0x08007316   0x00000002   PAD
    0x08007318   0x08007318   0x00000080   Code   RO         1248    .text               c_w.l(_printf_fp_infnan.o)
    0x08007398   0x08007398   0x0000009e   Code   RO         1252    .text               c_w.l(_strtoul.o)
    0x08007436   0x08007436   0x00000002   PAD
    0x08007438   0x08007438   0x000000e4   Code   RO         1254    .text               c_w.l(bigflt0.o)
    0x0800751c   0x0800751c   0x00000008   Code   RO         1279    .text               c_w.l(ferror.o)
    0x08007524   0x08007524   0x0000004e   Code   RO         1286    .text               c_w.l(rt_memclr_w.o)
    0x08007572   0x08007572   0x0000004a   Code   RO         1292    .text               c_w.l(sys_stackheap_outer.o)
    0x080075bc   0x080075bc   0x0000001c   Code   RO         1294    .text               c_w.l(_chval.o)
    0x080075d8   0x080075d8   0x00000012   Code   RO         1299    .text               c_w.l(exit.o)
    0x080075ea   0x080075ea   0x00000002   PAD
    0x080075ec   0x080075ec   0x00000080   Code   RO         1301    .text               c_w.l(strcmpv7m.o)
    0x0800766c   0x0800766c   0x0000003e   Code   RO         1257    CL$$btod_d2e        c_w.l(btod.o)
    0x080076aa   0x080076aa   0x00000046   Code   RO         1259    CL$$btod_d2e_denorm_low  c_w.l(btod.o)
    0x080076f0   0x080076f0   0x00000060   Code   RO         1258    CL$$btod_d2e_norm_op1  c_w.l(btod.o)
    0x08007750   0x08007750   0x00000338   Code   RO         1267    CL$$btod_div_common  c_w.l(btod.o)
    0x08007a88   0x08007a88   0x000000dc   Code   RO         1264    CL$$btod_e2e        c_w.l(btod.o)
    0x08007b64   0x08007b64   0x0000002a   Code   RO         1261    CL$$btod_ediv       c_w.l(btod.o)
    0x08007b8e   0x08007b8e   0x0000002a   Code   RO         1260    CL$$btod_emul       c_w.l(btod.o)
    0x08007bb8   0x08007bb8   0x00000244   Code   RO         1266    CL$$btod_mult_common  c_w.l(btod.o)
    0x08007dfc   0x08007dfc   0x00000028   Code   RO         1290    i.__ARM_fpclassify  m_ws.l(fpclassify.o)
    0x08007e24   0x08007e24   0x0000000e   Code   RO         1075    i._is_digit         c_w.l(__printf_wp.o)
    0x08007e32   0x08007e32   0x00000002   PAD
    0x08007e34   0x08007e34   0x0000002c   Code   RO         1284    locale$$code        c_w.l(lc_numeric_c.o)
    0x08007e60   0x08007e60   0x0000002c   Code   RO         1297    locale$$code        c_w.l(lc_ctype_c.o)
    0x08007e8c   0x08007e8c   0x00000062   Code   RO         1116    x$fpl$d2f           fz_ws.l(d2f.o)
    0x08007eee   0x08007eee   0x00000002   PAD
    0x08007ef0   0x08007ef0   0x000002b0   Code   RO         1119    x$fpl$ddiv          fz_ws.l(ddiv.o)
    0x080081a0   0x080081a0   0x0000005a   Code   RO         1122    x$fpl$dfixu         fz_ws.l(dfixu.o)
    0x080081fa   0x080081fa   0x0000002e   Code   RO         1127    x$fpl$dflt          fz_ws.l(dflt_clz.o)
    0x08008228   0x08008228   0x00000154   Code   RO         1132    x$fpl$dmul          fz_ws.l(dmul.o)
    0x0800837c   0x0800837c   0x0000009c   Code   RO         1212    x$fpl$dnaninf       fz_ws.l(dnaninf.o)
    0x08008418   0x08008418   0x0000000c   Code   RO         1214    x$fpl$dretinf       fz_ws.l(dretinf.o)
    0x08008424   0x08008424   0x00000056   Code   RO         1134    x$fpl$f2d           fz_ws.l(f2d.o)
    0x0800847a   0x0800847a   0x00000002   PAD
    0x0800847c   0x0800847c   0x000000c4   Code   RO         1136    x$fpl$fadd          fz_ws.l(faddsub_clz.o)
    0x08008540   0x08008540   0x00000184   Code   RO         1143    x$fpl$fdiv          fz_ws.l(fdiv.o)
    0x080086c4   0x080086c4   0x00000036   Code   RO         1146    x$fpl$ffix          fz_ws.l(ffix.o)
    0x080086fa   0x080086fa   0x00000002   PAD
    0x080086fc   0x080086fc   0x0000003e   Code   RO         1150    x$fpl$ffixu         fz_ws.l(ffixu.o)
    0x0800873a   0x0800873a   0x00000002   PAD
    0x0800873c   0x0800873c   0x00000030   Code   RO         1155    x$fpl$fflt          fz_ws.l(fflt_clz.o)
    0x0800876c   0x0800876c   0x00000026   Code   RO         1154    x$fpl$ffltu         fz_ws.l(fflt_clz.o)
    0x08008792   0x08008792   0x00000002   PAD
    0x08008794   0x08008794   0x00000102   Code   RO         1160    x$fpl$fmul          fz_ws.l(fmul.o)
    0x08008896   0x08008896   0x0000008c   Code   RO         1216    x$fpl$fnaninf       fz_ws.l(fnaninf.o)
    0x08008922   0x08008922   0x0000000a   Code   RO         1218    x$fpl$fretinf       fz_ws.l(fretinf.o)
    0x0800892c   0x0800892c   0x000000ea   Code   RO         1138    x$fpl$fsub          fz_ws.l(faddsub_clz.o)
    0x08008a16   0x08008a16   0x00000004   Code   RO         1162    x$fpl$printf1       fz_ws.l(printf1.o)
    0x08008a1a   0x08008a1a   0x00000004   Code   RO         1164    x$fpl$printf2       fz_ws.l(printf2.o)
    0x08008a1e   0x08008a1e   0x00000000   Code   RO         1220    x$fpl$usenofp       fz_ws.l(usenofp.o)
    0x08008a1e   0x08008a1e   0x00000002   PAD
    0x08008a20   0x08008a20   0x00000200   Data   RO          591    .constdata          rs485.o
    0x08008c20   0x08008c20   0x00000024   Data   RO          723    .constdata          gps.o
    0x08008c44   0x08008c44   0x00000008   Data   RO         1036    .constdata          c_w.l(_printf_wctomb.o)
    0x08008c4c   0x08008c4c   0x00000028   Data   RO         1063    .constdata          c_w.l(_printf_hex_int_ll_ptr.o)
    0x08008c74   0x08008c74   0x00000011   Data   RO         1083    .constdata          c_w.l(__printf_flags_ss_wp.o)
    0x08008c85   0x08008c85   0x00000026   Data   RO         1183    .constdata          c_w.l(_printf_fp_hex.o)
    0x08008cab   0x08008cab   0x00000001   PAD
    0x08008cac   0x08008cac   0x00000094   Data   RO         1255    .constdata          c_w.l(bigflt0.o)
    0x08008d40   0x08008d40   0x000001ff   Data   RO          477    .conststring        ml302.o
    0x08008f3f   0x08008f3f   0x00000001   PAD
    0x08008f40   0x08008f40   0x00000015   Data   RO          724    .conststring        gps.o
    0x08008f55   0x08008f55   0x00000003   PAD
    0x08008f58   0x08008f58   0x00000020   Data   RO         1429    Region$$Table       anon$$obj.o
    0x08008f78   0x08008f78   0x0000001c   Data   RO         1283    locale$$data        c_w.l(lc_numeric_c.o)
    0x08008f94   0x08008f94   0x00000110   Data   RO         1296    locale$$data        c_w.l(lc_ctype_c.o)


    Execution Region RW_IRAM1 (Exec base: 0x20000000, Load base: 0x080090a4, Size: 0x000031e8, Max: 0x0000c000, ABSOLUTE)

    Exec Addr    Load Addr    Size         Type   Attr      Idx    E Section Name        Object

    0x20000000   0x080090a4   0x0000000d   Data   RW            2    .data               main.o
    0x2000000d   0x080090b1   0x00000003   PAD
    0x20000010   0x080090b4   0x00000014   Data   RW          292    .data               system_stm32f10x.o
    0x20000024   0x080090c8   0x00000011   Data   RW          374    .data               timer.o
    0x20000035   0x080090d9   0x00000003   PAD
    0x20000038   0x080090dc   0x0000001a   Data   RW          405    .data               remote.o
    0x20000052   0x080090f6   0x00000002   PAD
    0x20000054   0x080090f8   0x00000029   Data   RW          478    .data               ml302.o
    0x2000007d   0x08009121   0x00000001   PAD
    0x2000007e   0x08009122   0x00000006   Data   RW          525    .data               usart3.o
    0x20000084   0x08009128   0x0000000e   Data   RW          556    .data               sht31.o
    0x20000092   0x08009136   0x00000002   Data   RW          572    .data               uart5.o
    0x20000094   0x08009138   0x00000006   Data   RW          592    .data               rs485.o
    0x2000009a   0x0800913e   0x00000002   PAD
    0x2000009c   0x08009140   0x00000030   Data   RW          725    .data               gps.o
    0x200000cc   0x08009170   0x00000004   Data   RW          766    .data               delay.o
    0x200000d0   0x08009174   0x00000006   Data   RW          798    .data               usart.o
    0x200000d6   0x0800917a   0x00000014   Data   RW          864    .data               stm32f10x_rcc.o
    0x200000ea   0x0800918e   0x00000002   PAD
    0x200000ec        -       0x00000014   Zero   RW          373    .bss                timer.o
    0x20000100        -       0x00000800   Zero   RW          439    .bss                flash.o
    0x20000900        -       0x00000bc7   Zero   RW          476    .bss                ml302.o
    0x200014c7        -       0x00000bb8   Zero   RW          524    .bss                usart3.o
    0x2000207f        -       0x000004b0   Zero   RW          571    .bss                uart5.o
    0x2000252f        -       0x00000108   Zero   RW          590    .bss                rs485.o
    0x20002637   0x0800918e   0x00000001   PAD
    0x20002638        -       0x00000382   Zero   RW          722    .bss                gps.o
    0x200029ba   0x0800918e   0x00000006   PAD
    0x200029c0        -       0x000001c8   Zero   RW          797    .bss                usart.o
    0x20002b88        -       0x00000060   Zero   RW         1222    .bss                c_w.l(libspace.o)
    0x20002be8        -       0x00000200   Zero   RW          833    HEAP                startup_stm32f10x_hd.o
    0x20002de8        -       0x00000400   Zero   RW          832    STACK               startup_stm32f10x_hd.o


==============================================================================

Image component sizes


      Code (inc. data)   RO Data    RW Data    ZI Data      Debug   Object Name

       292         12          0          0          0       1223   adc.o
       212         18          0          4          0       1227   delay.o
       324          8          0          0       2048       2978   flash.o
      3156        412         57         48        898       7920   gps.o
       160          8          0          0          0     214893   led.o
       760        116          0         13          0     242574   main.o
       220         22          0          0          0       1985   misc.o
      3976       1506        511         41       3015      13794   ml302.o
       636         14          0          0          0       1980   myiic.o
        80          8          0          0          0        601   power.o
      1352        270          0         26          0       3892   remote.o
       696         48        512          6        264     223131   rs485.o
       332         22          0         14          0       2273   sht31.o
        64         26        304          0       1536        860   startup_stm32f10x_hd.o
      1102         26          0          0          0      11225   stm32f10x_adc.o
      1468         34          0          0          0       8390   stm32f10x_flash.o
       860         38          0          0          0       5917   stm32f10x_gpio.o
        26          0          0          0          0      51586   stm32f10x_it.o
        64          6          0          0          0       1369   stm32f10x_iwdg.o
       932         36          0         20          0       9184   stm32f10x_rcc.o
      3610         88          0          0          0      23024   stm32f10x_tim.o
      1032         22          0          0          0       8640   stm32f10x_usart.o
         0          0          0          0          0         32   sys.o
       480         38          0         20          0       2015   system_stm32f10x.o
      1404        102          0         17         20       4743   timer.o
       332         30          0          2       1200       2401   uart5.o
       412         24          0          6        456       4510   usart.o
       424         30          0          6       3000       2853   usart3.o
        44          0          0          0          0        754   wdg.o

    ----------------------------------------------------------------------
     24456       2964       1420        236      12444     855974   Object Totals
         0          0         32          0          0          0   (incl. Generated)
         6          0          4         13          7          0   (incl. Padding)

    ----------------------------------------------------------------------

      Code (inc. data)   RO Data    RW Data    ZI Data      Debug   Library Member Name

        24          4          0          0          0         84   __2printf.o
        44          6          0          0          0         84   __2sprintf.o
         8          0          0          0          0         68   __main.o
       392          4         17          0          0         92   __printf_flags_ss_wp.o
        14          0          0          0          0         68   __printf_wp.o
         0          0          0          0          0          0   __rtentry.o
        12          0          0          0          0          0   __rtentry2.o
         6          0          0          0          0          0   __rtentry4.o
        52          8          0          0          0          0   __scatter.o
        26          0          0          0          0          0   __scatter_copy.o
        28          0          0          0          0          0   __scatter_zi.o
        28          0          0          0          0         68   _chval.o
         6          0          0          0          0          0   _printf_a.o
         6          0          0          0          0          0   _printf_c.o
        44          0          0          0          0        108   _printf_char.o
        48          6          0          0          0         96   _printf_char_common.o
        36          4          0          0          0         80   _printf_char_file.o
        40          0          0          0          0         68   _printf_charcount.o
         6          0          0          0          0          0   _printf_d.o
       120         16          0          0          0         92   _printf_dec.o
         6          0          0          0          0          0   _printf_e.o
         6          0          0          0          0          0   _printf_f.o
      1054          0          0          0          0        216   _printf_fp_dec.o
       764          8         38          0          0        100   _printf_fp_hex.o
       128         16          0          0          0         84   _printf_fp_infnan.o
         6          0          0          0          0          0   _printf_g.o
       148          4         40          0          0        160   _printf_hex_int_ll_ptr.o
         6          0          0          0          0          0   _printf_i.o
       178          0          0          0          0         88   _printf_intcommon.o
        10          0          0          0          0          0   _printf_l.o
         6          0          0          0          0          0   _printf_lc.o
        10          0          0          0          0          0   _printf_ll.o
         6          0          0          0          0          0   _printf_lld.o
         6          0          0          0          0          0   _printf_lli.o
         6          0          0          0          0          0   _printf_llo.o
         6          0          0          0          0          0   _printf_llu.o
         6          0          0          0          0          0   _printf_llx.o
       124         16          0          0          0         92   _printf_longlong_dec.o
         6          0          0          0          0          0   _printf_ls.o
         6          0          0          0          0          0   _printf_n.o
         6          0          0          0          0          0   _printf_o.o
       112         10          0          0          0        124   _printf_oct_int_ll.o
         6          0          0          0          0          0   _printf_p.o
        78          0          0          0          0        108   _printf_pad.o
         0          0          0          0          0          0   _printf_percent.o
         4          0          0          0          0          0   _printf_percent_end.o
         6          0          0          0          0          0   _printf_s.o
        82          0          0          0          0         80   _printf_str.o
        36          0          0          0          0         84   _printf_truncate.o
         6          0          0          0          0          0   _printf_u.o
        44          0          0          0          0        108   _printf_wchar.o
       188          6          8          0          0         92   _printf_wctomb.o
         6          0          0          0          0          0   _printf_x.o
        10          0          0          0          0         68   _sputc.o
       158          0          0          0          0         92   _strtoul.o
        64          0          0          0          0         92   _wcrtomb.o
        26          0          0          0          0         80   atoi.o
       228          4        148          0          0         96   bigflt0.o
      1936        128          0          0          0        672   btod.o
        36          4          0          0          0         76   c89vsprintf.o
        18          0          0          0          0         80   exit.o
         8          0          0          0          0         68   ferror.o
         6          0          0          0          0        152   heapauxi.o
        44         10        272          0          0         76   lc_ctype_c.o
        44         10         28          0          0         76   lc_numeric_c.o
         2          0          0          0          0          0   libinit.o
        30          0          0          0          0          0   libinit2.o
         2          0          0          0          0          0   libshutdown.o
         2          0          0          0          0          0   libshutdown2.o
         8          4          0          0         96         68   libspace.o
       138          0          0          0          0         80   lludiv10.o
        16          4          0          0          0         76   rt_ctype_table.o
         8          4          0          0          0         68   rt_errno_addr_intlibspace.o
         8          4          0          0          0         68   rt_locale_intlibspace.o
        68          0          0          0          0         68   rt_memclr.o
        78          0          0          0          0         80   rt_memclr_w.o
       100          0          0          0          0         80   rt_memcpy_w.o
         2          0          0          0          0          0   rtexit.o
        10          0          0          0          0          0   rtexit2.o
        24          0          0          0          0         68   strcat.o
       128          0          0          0          0         68   strcmpv7m.o
        62          0          0          0          0         76   strlen.o
        86          0          0          0          0         76   strncpy.o
        36          0          0          0          0         80   strstr.o
       112          0          0          0          0         88   strtol.o
        74          0          0          0          0         80   sys_stackheap_outer.o
         2          0          0          0          0         68   use_no_semi.o
         2          0          0          0          0         68   use_no_semi_2.o
        98          4          0          0          0         92   d2f.o
       688        140          0          0          0        208   ddiv.o
        90          4          0          0          0         92   dfixu.o
        46          0          0          0          0         68   dflt_clz.o
       340         12          0          0          0        104   dmul.o
       156          4          0          0          0         92   dnaninf.o
        12          0          0          0          0         68   dretinf.o
        86          4          0          0          0         84   f2d.o
       430          8          0          0          0        168   faddsub_clz.o
       388         76          0          0          0         96   fdiv.o
        54          4          0          0          0         84   ffix.o
        62          4          0          0          0         84   ffixu.o
        86          0          0          0          0        136   fflt_clz.o
       258          4          0          0          0         84   fmul.o
       140          4          0          0          0         84   fnaninf.o
        10          0          0          0          0         68   fretinf.o
         4          0          0          0          0         68   printf1.o
         4          0          0          0          0         68   printf2.o
         0          0          0          0          0          0   usenofp.o
        40          0          0          0          0         68   fpclassify.o

    ----------------------------------------------------------------------
     10600        548        552          0         96       6948   Library Totals
        30          0          1          0          0          0   (incl. Padding)

    ----------------------------------------------------------------------

      Code (inc. data)   RO Data    RW Data    ZI Data      Debug   Library Name

      7578        280        551          0         96       5132   c_w.l
      2952        268          0          0          0       1748   fz_ws.l
        40          0          0          0          0         68   m_ws.l

    ----------------------------------------------------------------------
     10600        548        552          0         96       6948   Library Totals

    ----------------------------------------------------------------------

==============================================================================


      Code (inc. data)   RO Data    RW Data    ZI Data      Debug   

     35056       3512       1972        236      12540     856418   Grand Totals
     35056       3512       1972        236      12540     856418   ELF Image Totals
     35056       3512       1972        236          0          0   ROM Totals

==============================================================================

    Total RO  Size (Code + RO Data)                37028 (  36.16kB)
    Total RW  Size (RW Data + ZI Data)             12776 (  12.48kB)
    Total ROM Size (Code + RO Data + RW Data)      37264 (  36.39kB)

==============================================================================

